tfluna_i2c.c:56:6:TF_Luna_init	24	static
tfluna_i2c.c:72:6:getData	32	static
tfluna_i2c.c:132:6:Get_Time	24	static
tfluna_i2c.c:151:6:Get_Prod_Code	24	static
tfluna_i2c.c:164:6:Get_Firmware_Version	24	static
tfluna_i2c.c:175:6:Save_Settings	16	static
tfluna_i2c.c:181:6:Soft_Reset	16	static
tfluna_i2c.c:188:6:Set_I2C_Addr	16	static
tfluna_i2c.c:194:6:Set_Enable	16	static
tfluna_i2c.c:200:6:Set_Disable	16	static
tfluna_i2c.c:206:6:Set_Frame_Rate	24	static
tfluna_i2c.c:219:6:Get_Frame_Rate	24	static
tfluna_i2c.c:230:6:Hard_Reset	16	static
tfluna_i2c.c:237:6:Set_Cont_Mode	16	static
tfluna_i2c.c:244:6:Set_Trig_Mode	16	static
tfluna_i2c.c:251:6:Set_Trigger	16	static
tfluna_i2c.c:261:6:readReg	24	static
tfluna_i2c.c:283:6:writeReg	32	static
tfluna_i2c.c:302:6:printStatus	8	static
tfluna_i2c.c:331:6:printDataArray	16	static
