Archive member included to satisfy reference by file (symbol)

c:/st/stm32cubeide_1.8.0/stm32cubeide/plugins/com.st.stm32cube.ide.mcu.externaltools.gnu-tools-for-stm32.9-2020-q2-update.win32_2.0.0.202105311346/tools/bin/../lib/gcc/arm-none-eabi/9.3.1/../../../../arm-none-eabi/lib/thumb/v7e-m+dp/hard\libc_nano.a(lib_a-errno.o)
                              ./Core/Src/syscalls.o (__errno)
c:/st/stm32cubeide_1.8.0/stm32cubeide/plugins/com.st.stm32cube.ide.mcu.externaltools.gnu-tools-for-stm32.9-2020-q2-update.win32_2.0.0.202105311346/tools/bin/../lib/gcc/arm-none-eabi/9.3.1/../../../../arm-none-eabi/lib/thumb/v7e-m+dp/hard\libc_nano.a(lib_a-exit.o)
                              c:/st/stm32cubeide_1.8.0/stm32cubeide/plugins/com.st.stm32cube.ide.mcu.externaltools.gnu-tools-for-stm32.9-2020-q2-update.win32_2.0.0.202105311346/tools/bin/../lib/gcc/arm-none-eabi/9.3.1/../../../../arm-none-eabi/lib/thumb/v7e-m+dp/hard/crt0.o (exit)
c:/st/stm32cubeide_1.8.0/stm32cubeide/plugins/com.st.stm32cube.ide.mcu.externaltools.gnu-tools-for-stm32.9-2020-q2-update.win32_2.0.0.202105311346/tools/bin/../lib/gcc/arm-none-eabi/9.3.1/../../../../arm-none-eabi/lib/thumb/v7e-m+dp/hard\libc_nano.a(lib_a-impure.o)
                              c:/st/stm32cubeide_1.8.0/stm32cubeide/plugins/com.st.stm32cube.ide.mcu.externaltools.gnu-tools-for-stm32.9-2020-q2-update.win32_2.0.0.202105311346/tools/bin/../lib/gcc/arm-none-eabi/9.3.1/../../../../arm-none-eabi/lib/thumb/v7e-m+dp/hard\libc_nano.a(lib_a-exit.o) (_global_impure_ptr)
c:/st/stm32cubeide_1.8.0/stm32cubeide/plugins/com.st.stm32cube.ide.mcu.externaltools.gnu-tools-for-stm32.9-2020-q2-update.win32_2.0.0.202105311346/tools/bin/../lib/gcc/arm-none-eabi/9.3.1/../../../../arm-none-eabi/lib/thumb/v7e-m+dp/hard\libc_nano.a(lib_a-init.o)
                              c:/st/stm32cubeide_1.8.0/stm32cubeide/plugins/com.st.stm32cube.ide.mcu.externaltools.gnu-tools-for-stm32.9-2020-q2-update.win32_2.0.0.202105311346/tools/bin/../lib/gcc/arm-none-eabi/9.3.1/../../../../arm-none-eabi/lib/thumb/v7e-m+dp/hard/crt0.o (__libc_init_array)
c:/st/stm32cubeide_1.8.0/stm32cubeide/plugins/com.st.stm32cube.ide.mcu.externaltools.gnu-tools-for-stm32.9-2020-q2-update.win32_2.0.0.202105311346/tools/bin/../lib/gcc/arm-none-eabi/9.3.1/../../../../arm-none-eabi/lib/thumb/v7e-m+dp/hard\libc_nano.a(lib_a-memcpy-stub.o)
                              ./Drivers/STM32H7xx_HAL_Driver/Src/stm32h7xx_hal_fdcan.o (memcpy)
c:/st/stm32cubeide_1.8.0/stm32cubeide/plugins/com.st.stm32cube.ide.mcu.externaltools.gnu-tools-for-stm32.9-2020-q2-update.win32_2.0.0.202105311346/tools/bin/../lib/gcc/arm-none-eabi/9.3.1/../../../../arm-none-eabi/lib/thumb/v7e-m+dp/hard\libc_nano.a(lib_a-memset.o)
                              c:/st/stm32cubeide_1.8.0/stm32cubeide/plugins/com.st.stm32cube.ide.mcu.externaltools.gnu-tools-for-stm32.9-2020-q2-update.win32_2.0.0.202105311346/tools/bin/../lib/gcc/arm-none-eabi/9.3.1/../../../../arm-none-eabi/lib/thumb/v7e-m+dp/hard/crt0.o (memset)
c:/st/stm32cubeide_1.8.0/stm32cubeide/plugins/com.st.stm32cube.ide.mcu.externaltools.gnu-tools-for-stm32.9-2020-q2-update.win32_2.0.0.202105311346/tools/bin/../lib/gcc/arm-none-eabi/9.3.1/../../../../arm-none-eabi/lib/thumb/v7e-m+dp/hard\libc_nano.a(lib_a-printf.o)
                              ./Core/Src/tfluna_i2c.o (printf)
c:/st/stm32cubeide_1.8.0/stm32cubeide/plugins/com.st.stm32cube.ide.mcu.externaltools.gnu-tools-for-stm32.9-2020-q2-update.win32_2.0.0.202105311346/tools/bin/../lib/gcc/arm-none-eabi/9.3.1/../../../../arm-none-eabi/lib/thumb/v7e-m+dp/hard\libc_nano.a(lib_a-putchar.o)
                              ./Core/Src/tfluna_i2c.o (putchar)
c:/st/stm32cubeide_1.8.0/stm32cubeide/plugins/com.st.stm32cube.ide.mcu.externaltools.gnu-tools-for-stm32.9-2020-q2-update.win32_2.0.0.202105311346/tools/bin/../lib/gcc/arm-none-eabi/9.3.1/../../../../arm-none-eabi/lib/thumb/v7e-m+dp/hard\libc_nano.a(lib_a-sprintf.o)
                              ./Core/Src/main.o (sprintf)
c:/st/stm32cubeide_1.8.0/stm32cubeide/plugins/com.st.stm32cube.ide.mcu.externaltools.gnu-tools-for-stm32.9-2020-q2-update.win32_2.0.0.202105311346/tools/bin/../lib/gcc/arm-none-eabi/9.3.1/../../../../arm-none-eabi/lib/thumb/v7e-m+dp/hard\libc_nano.a(lib_a-findfp.o)
                              c:/st/stm32cubeide_1.8.0/stm32cubeide/plugins/com.st.stm32cube.ide.mcu.externaltools.gnu-tools-for-stm32.9-2020-q2-update.win32_2.0.0.202105311346/tools/bin/../lib/gcc/arm-none-eabi/9.3.1/../../../../arm-none-eabi/lib/thumb/v7e-m+dp/hard\libc_nano.a(lib_a-printf.o) (__sinit)
c:/st/stm32cubeide_1.8.0/stm32cubeide/plugins/com.st.stm32cube.ide.mcu.externaltools.gnu-tools-for-stm32.9-2020-q2-update.win32_2.0.0.202105311346/tools/bin/../lib/gcc/arm-none-eabi/9.3.1/../../../../arm-none-eabi/lib/thumb/v7e-m+dp/hard\libc_nano.a(lib_a-fwalk.o)
[...]
Memory Configuration

Name             Origin             Length             Attributes
ITCMRAM          0x0000000000000000 0x0000000000010000 xrw
FLASH            0x0000000008000000 0x0000000000200000 xr
DTCMRAM1         0x0000000020000000 0x0000000000010000 xrw
DTCMRAM2         0x0000000020010000 0x0000000000010000 xrw
RAM              0x0000000024000000 0x0000000000100000 xrw
RAM_CD           0x0000000030000000 0x0000000000020000 xrw
RAM_SRD          0x0000000038000000 0x0000000000008000 xrw
*default*        0x0000000000000000 0xffffffffffffffff

Linker script and memory map

LOAD c:/st/stm32cubeide_1.8.0/stm32cubeide/plugins/com.st.stm32cube.ide.mcu.externaltools.gnu-tools-for-stm32.9-2020-q2-update.win32_2.0.0.202105311346/tools/bin/../lib/gcc/arm-none-eabi/9.3.1/thumb/v7e-m+dp/hard/crti.o
LOAD c:/st/stm32cubeide_1.8.0/stm32cubeide/plugins/com.st.stm32cube.ide.mcu.externaltools.gnu-tools-for-stm32.9-2020-q2-update.win32_2.0.0.202105311346/tools/bin/../lib/gcc/arm-none-eabi/9.3.1/thumb/v7e-m+dp/hard/crtbegin.o
LOAD c:/st/stm32cubeide_1.8.0/stm32cubeide/plugins/com.st.stm32cube.ide.mcu.externaltools.gnu-tools-for-stm32.9-2020-q2-update.win32_2.0.0.202105311346/tools/bin/../lib/gcc/arm-none-eabi/9.3.1/../../../../arm-none-eabi/lib/thumb/v7e-m+dp/hard/crt0.o
LOAD ./Core/Src/fdcan.o
LOAD ./Core/Src/gpio.o
LOAD ./Core/Src/i2c.o
LOAD ./Core/Src/main.o
LOAD ./Core/Src/stm32h7xx_hal_msp.o
LOAD ./Core/Src/stm32h7xx_it.o
LOAD ./Core/Src/syscalls.o
LOAD ./Core/Src/sysmem.o
LOAD ./Core/Src/system_stm32h7xx.o
LOAD ./Core/Src/tfluna_i2c.o
LOAD ./Core/Src/usart.o
LOAD ./Core/Startup/startup_stm32h7a3zitxq.o
LOAD ./Drivers/STM32H7xx_HAL_Driver/Src/stm32h7xx_hal.o
LOAD ./Drivers/STM32H7xx_HAL_Driver/Src/stm32h7xx_hal_cortex.o
LOAD ./Drivers/STM32H7xx_HAL_Driver/Src/stm32h7xx_hal_dma.o
LOAD ./Drivers/STM32H7xx_HAL_Driver/Src/stm32h7xx_hal_dma_ex.o
LOAD ./Drivers/STM32H7xx_HAL_Driver/Src/stm32h7xx_hal_exti.o
LOAD ./Drivers/STM32H7xx_HAL_Driver/Src/stm32h7xx_hal_fdcan.o
LOAD ./Drivers/STM32H7xx_HAL_Driver/Src/stm32h7xx_hal_flash.o
LOAD ./Drivers/STM32H7xx_HAL_Driver/Src/stm32h7xx_hal_flash_ex.o
LOAD ./Drivers/STM32H7xx_HAL_Driver/Src/stm32h7xx_hal_gpio.o
LOAD ./Drivers/STM32H7xx_HAL_Driver/Src/stm32h7xx_hal_hsem.o
LOAD ./Drivers/STM32H7xx_HAL_Driver/Src/stm32h7xx_hal_i2c.o
LOAD ./Drivers/STM32H7xx_HAL_Driver/Src/stm32h7xx_hal_i2c_ex.o
LOAD ./Drivers/STM32H7xx_HAL_Driver/Src/stm32h7xx_hal_mdma.o
LOAD ./Drivers/STM32H7xx_HAL_Driver/Src/stm32h7xx_hal_pwr.o
LOAD ./Drivers/STM32H7xx_HAL_Driver/Src/stm32h7xx_hal_pwr_ex.o
LOAD ./Drivers/STM32H7xx_HAL_Driver/Src/stm32h7xx_hal_rcc.o
LOAD ./Drivers/STM32H7xx_HAL_Driver/Src/stm32h7xx_hal_rcc_ex.o
LOAD ./Drivers/STM32H7xx_HAL_Driver/Src/stm32h7xx_hal_tim.o
LOAD ./Drivers/STM32H7xx_HAL_Driver/Src/stm32h7xx_hal_tim_ex.o
LOAD ./Drivers/STM32H7xx_HAL_Driver/Src/stm32h7xx_hal_uart.o
LOAD ./Drivers/STM32H7xx_HAL_Driver/Src/stm32h7xx_hal_uart_ex.o
START GROUP
LOAD c:/st/stm32cubeide_1.8.0/stm32cubeide/plugins/com.st.stm32cube.ide.mcu.externaltools.gnu-tools-for-stm32.9-2020-q2-update.win32_2.0.0.202105311346/tools/bin/../lib/gcc/arm-none-eabi/9.3.1/../../../../arm-none-eabi/lib/thumb/v7e-m+dp/hard\libc_nano.a
LOAD c:/st/stm32cubeide_1.8.0/stm32cubeide/plugins/com.st.stm32cube.ide.mcu.externaltools.gnu-tools-for-stm32.9-2020-q2-update.win32_2.0.0.202105311346/tools/bin/../lib/gcc/arm-none-eabi/9.3.1/../../../../arm-none-eabi/lib/thumb/v7e-m+dp/hard\libm.a
END GROUP
START GROUP
LOAD c:/st/stm32cubeide_1.8.0/stm32cubeide/plugins/com.st.stm32cube.ide.mcu.externaltools.gnu-tools-for-stm32.9-2020-q2-update.win32_2.0.0.202105311346/tools/bin/../lib/gcc/arm-none-eabi/9.3.1/thumb/v7e-m+dp/hard\libgcc.a
LOAD c:/st/stm32cubeide_1.8.0/stm32cubeide/plugins/com.st.stm32cube.ide.mcu.externaltools.gnu-tools-for-stm32.9-2020-q2-update.win32_2.0.0.202105311346/tools/bin/../lib/gcc/arm-none-eabi/9.3.1/../../../../arm-none-eabi/lib/thumb/v7e-m+dp/hard\libc_nano.a
END GROUP
START GROUP
LOAD c:/st/stm32cubeide_1.8.0/stm32cubeide/plugins/com.st.stm32cube.ide.mcu.externaltools.gnu-tools-for-stm32.9-2020-q2-update.win32_2.0.0.202105311346/tools/bin/../lib/gcc/arm-none-eabi/9.3.1/thumb/v7e-m+dp/hard\libgcc.a
LOAD c:/st/stm32cubeide_1.8.0/stm32cubeide/plugins/com.st.stm32cube.ide.mcu.externaltools.gnu-tools-for-stm32.9-2020-q2-update.win32_2.0.0.202105311346/tools/bin/../lib/gcc/arm-none-eabi/9.3.1/../../../../arm-none-eabi/lib/thumb/v7e-m+dp/hard\libc_nano.a
LOAD c:/st/stm32cubeide_1.8.0/stm32cubeide/plugins/com.st.stm32cube.ide.mcu.externaltools.gnu-tools-for-stm32.9-2020-q2-update.win32_2.0.0.202105311346/tools/bin/../lib/gcc/arm-none-eabi/9.3.1/../../../../arm-none-eabi/lib/thumb/v7e-m+dp/hard\libnosys.a
END GROUP
START GROUP
LOAD c:/st/stm32cubeide_1.8.0/stm32cubeide/plugins/com.st.stm32cube.ide.mcu.externaltools.gnu-tools-for-stm32.9-2020-q2-update.win32_2.0.0.202105311346/tools/bin/../lib/gcc/arm-none-eabi/9.3.1/thumb/v7e-m+dp/hard\libgcc.a
LOAD c:/st/stm32cubeide_1.8.0/stm32cubeide/plugins/com.st.stm32cube.ide.mcu.externaltools.gnu-tools-for-stm32.9-2020-q2-update.win32_2.0.0.202105311346/tools/bin/../lib/gcc/arm-none-eabi/9.3.1/../../../../arm-none-eabi/lib/thumb/v7e-m+dp/hard\libc_nano.a
LOAD c:/st/stm32cubeide_1.8.0/stm32cubeide/plugins/com.st.stm32cube.ide.mcu.externaltools.gnu-tools-for-stm32.9-2020-q2-update.win32_2.0.0.202105311346/tools/bin/../lib/gcc/arm-none-eabi/9.3.1/../../../../arm-none-eabi/lib/thumb/v7e-m+dp/hard\libnosys.a
END GROUP
LOAD c:/st/stm32cubeide_1.8.0/stm32cubeide/plugins/com.st.stm32cube.ide.mcu.externaltools.gnu-tools-for-stm32.9-2020-q2-update.win32_2.0.0.202105311346/tools/bin/../lib/gcc/arm-none-eabi/9.3.1/thumb/v7e-m+dp/hard/crtend.o
LOAD c:/st/stm32cubeide_1.8.0/stm32cubeide/plugins/com.st.stm32cube.ide.mcu.externaltools.gnu-tools-for-stm32.9-2020-q2-update.win32_2.0.0.202105311346/tools/bin/../lib/gcc/arm-none-eabi/9.3.1/thumb/v7e-m+dp/hard/crtn.o
                0x0000000024100000                _estack = (ORIGIN (RAM) + LENGTH (RAM))
                0x0000000000000200                _Min_Heap_Size = 0x200
                0x0000000000000400                _Min_Stack_Size = 0x400

.isr_vector     0x0000000008000000      0x2ac
                0x0000000008000000                . = ALIGN (0x4)
 *(.isr_vector)
 .isr_vector    0x0000000008000000      0x2ac ./Core/Startup/startup_stm32h7a3zitxq.o
                0x0000000008000000                g_pfnVectors
                0x00000000080002ac                . = ALIGN (0x4)

.text           0x00000000080002b0     0x6f18
                0x00000000080002b0                . = ALIGN (0x4)
 *(.text)
 .text          0x00000000080002b0       0x40 c:/st/stm32cubeide_1.8.0/stm32cubeide/plugins/com.st.stm32cube.ide.mcu.externaltools.gnu-tools-for-stm32.9-2020-q2-update.win32_2.0.0.202105311346/tools/bin/../lib/gcc/arm-none-eabi/9.3.1/thumb/v7e-m+dp/hard/crtbegin.o
 .text          0x00000000080002f0       0xa0 c:/st/stm32cubeide_1.8.0/stm32cubeide/plugins/com.st.stm32cube.ide.mcu.externaltools.gnu-tools-for-stm32.9-2020-q2-update.win32_2.0.0.202105311346/tools/bin/../lib/gcc/arm-none-eabi/9.3.1/../../../../arm-none-eabi/lib/thumb/v7e-m+dp/hard\libc_nano.a(lib_a-memchr.o)
                0x00000000080002f0                memchr
 .text          0x0000000008000390       0x30 c:/st/stm32cubeide_1.8.0/stm32cubeide/plugins/com.st.stm32cube.ide.mcu.externaltools.gnu-tools-for-stm32.9-2020-q2-update.win32_2.0.0.202105311346/tools/bin/../lib/gcc/arm-none-eabi/9.3.1/thumb/v7e-m+dp/hard\libgcc.a(_aeabi_uldivmod.o)
                0x0000000008000390                __aeabi_uldivmod
 .text          0x00000000080003c0      0x2c4 c:/st/stm32cubeide_1.8.0/stm32cubeide/plugins/com.st.stm32cube.ide.mcu.externaltools.gnu-tools-for-stm32.9-2020-q2-update.win32_2.0.0.202105311346/tools/bin/../lib/gcc/arm-none-eabi/9.3.1/thumb/v7e-m+dp/hard\libgcc.a(_udivmoddi4.o)
                0x00000000080003c0                __udivmoddi4
 .text          0x0000000008000684        0x4 c:/st/stm32cubeide_1.8.0/stm32cubeide/plugins/com.st.stm32cube.ide.mcu.externaltools.gnu-tools-for-stm32.9-2020-q2-update.win32_2.0.0.202105311346/tools/bin/../lib/gcc/arm-none-eabi/9.3.1/thumb/v7e-m+dp/hard\libgcc.a(_dvmd_tls.o)
                0x0000000008000684                __aeabi_idiv0
                0x0000000008000684                __aeabi_ldiv0
 *(.text*)
 .text.MX_FDCAN1_Init
                0x0000000008000688      0x170 ./Core/Src/fdcan.o
                0x0000000008000688                MX_FDCAN1_Init
 .text.HAL_FDCAN_MspInit
                0x00000000080007f8       0xdc ./Core/Src/fdcan.o
                0x00000000080007f8                HAL_FDCAN_MspInit
 .text.MX_GPIO_Init
                0x00000000080008d4       0x70 ./Core/Src/gpio.o
                0x00000000080008d4                MX_GPIO_Init
 .text.MX_I2C1_Init
                0x0000000008000944       0x80 ./Core/Src/i2c.o
                0x0000000008000944                MX_I2C1_Init
 .text.HAL_I2C_MspInit
                0x00000000080009c4       0xc8 ./Core/Src/i2c.o
                0x00000000080009c4                HAL_I2C_MspInit
 .text.main     0x0000000008000a8c      0x128 ./Core/Src/main.o
                0x0000000008000a8c                main
 .text.SystemClock_Config
                0x0000000008000bb4       0xdc ./Core/Src/main.o
                0x0000000008000bb4                SystemClock_Config
 .text.Error_Handler
                0x0000000008000c90        0xa ./Core/Src/main.o
                0x0000000008000c90                Error_Handler
 *fill*         0x0000000008000c9a        0x2 
 .text.HAL_MspInit
                0x0000000008000c9c       0x34 ./Core/Src/stm32h7xx_hal_msp.o
                0x0000000008000c9c                HAL_MspInit
 .text.NMI_Handler
                0x0000000008000cd0        0x6 ./Core/Src/stm32h7xx_it.o
                0x0000000008000cd0                NMI_Handler
 .text.HardFault_Handler
                0x0000000008000cd6        0x6 ./Core/Src/stm32h7xx_it.o
                0x0000000008000cd6                HardFault_Handler
 .text.MemManage_Handler
                0x0000000008000cdc        0x6 ./Core/Src/stm32h7xx_it.o
                0x0000000008000cdc                MemManage_Handler
 .text.BusFault_Handler
                0x0000000008000ce2        0x6 ./Core/Src/stm32h7xx_it.o
                0x0000000008000ce2                BusFault_Handler
 .text.UsageFault_Handler
                0x0000000008000ce8        0x6 ./Core/Src/stm32h7xx_it.o
                0x0000000008000ce8                UsageFault_Handler
 .text.SVC_Handler
                0x0000000008000cee        0xe ./Core/Src/stm32h7xx_it.o
                0x0000000008000cee                SVC_Handler
 .text.DebugMon_Handler
                0x0000000008000cfc        0xe ./Core/Src/stm32h7xx_it.o
                0x0000000008000cfc                DebugMon_Handler
 .text.PendSV_Handler
                0x0000000008000d0a        0xe ./Core/Src/stm32h7xx_it.o
                0x0000000008000d0a                PendSV_Handler
 .text.SysTick_Handler
                0x0000000008000d18        0xc ./Core/Src/stm32h7xx_it.o
                0x0000000008000d18                SysTick_Handler
 .text._sbrk    0x0000000008000d24       0x6c ./Core/Src/sysmem.o
                0x0000000008000d24                _sbrk
 .text.SystemInit
                0x0000000008000d90       0xf0 ./Core/Src/system_stm32h7xx.o
                0x0000000008000d90                SystemInit
 .text.TF_Luna_init
                0x0000000008000e80       0x28 ./Core/Src/tfluna_i2c.o
                0x0000000008000e80                TF_Luna_init
 .text.getData  0x0000000008000ea8       0xfc ./Core/Src/tfluna_i2c.o
                0x0000000008000ea8                getData
 .text.Get_Time
                0x0000000008000fa4       0x60 ./Core/Src/tfluna_i2c.o
                0x0000000008000fa4                Get_Time
 .text.Get_Prod_Code
                0x0000000008001004       0x54 ./Core/Src/tfluna_i2c.o
                0x0000000008001004                Get_Prod_Code
 .text.Get_Firmware_Version
                0x0000000008001058       0x54 ./Core/Src/tfluna_i2c.o
                0x0000000008001058                Get_Firmware_Version
 .text.Get_Frame_Rate
                0x00000000080010ac       0x60 ./Core/Src/tfluna_i2c.o
                0x00000000080010ac                Get_Frame_Rate
 .text.readReg  0x000000000800110c       0x78 ./Core/Src/tfluna_i2c.o
                0x000000000800110c                readReg
 .text.MX_USART3_UART_Init
                0x0000000008001184       0x98 ./Core/Src/usart.o
                0x0000000008001184                MX_USART3_UART_Init
 .text.HAL_UART_MspInit
                0x000000000800121c       0xcc ./Core/Src/usart.o
                0x000000000800121c                HAL_UART_MspInit
 .text.Reset_Handler
                0x00000000080012e8       0x50 ./Core/Startup/startup_stm32h7a3zitxq.o
                0x00000000080012e8                Reset_Handler
 .text.Default_Handler
                0x0000000008001338        0x2 ./Core/Startup/startup_stm32h7a3zitxq.o
                0x0000000008001338                RTC_Alarm_IRQHandler
                0x0000000008001338                EXTI2_IRQHandler
                0x0000000008001338                TIM8_CC_IRQHandler
                0x0000000008001338                UART8_IRQHandler
                0x0000000008001338                BDMA2_Channel1_IRQHandler
                0x0000000008001338                SPI4_IRQHandler
                0x0000000008001338                BDMA2_Channel0_IRQHandler
                0x0000000008001338                TIM1_CC_IRQHandler
                0x0000000008001338                DMA2_Stream5_IRQHandler
                0x0000000008001338                JPEG_IRQHandler
                0x0000000008001338                DMA1_Stream5_IRQHandler
                0x0000000008001338                EXTI3_IRQHandler
                0x0000000008001338                LPTIM4_IRQHandler
                0x0000000008001338                TIM8_TRG_COM_TIM14_IRQHandler
                0x0000000008001338                LPTIM2_IRQHandler
                0x0000000008001338                DFSDM1_FLT1_IRQHandler
                0x0000000008001338                DMAMUX2_OVR_IRQHandler
                0x0000000008001338                GFXMMU_IRQHandler
                0x0000000008001338                TIM8_UP_TIM13_IRQHandler
                0x0000000008001338                I2C3_ER_IRQHandler
                0x0000000008001338                DFSDM1_FLT2_IRQHandler
                0x0000000008001338                USART10_IRQHandler
                0x0000000008001338                MDMA_IRQHandler
                0x0000000008001338                LPTIM3_IRQHandler
                0x0000000008001338                BDMA2_Channel3_IRQHandler
                0x0000000008001338                HSEM1_IRQHandler
                0x0000000008001338                EXTI0_IRQHandler
                0x0000000008001338                I2C2_EV_IRQHandler
                0x0000000008001338                DAC2_IRQHandler
                0x0000000008001338                DMA1_Stream2_IRQHandler
                0x0000000008001338                FPU_IRQHandler
                0x0000000008001338                OTG_HS_WKUP_IRQHandler
                0x0000000008001338                FDCAN1_IT1_IRQHandler
                0x0000000008001338                LTDC_ER_IRQHandler
                0x0000000008001338                DMA2_Stream2_IRQHandler
                0x0000000008001338                SPI1_IRQHandler
                0x0000000008001338                OCTOSPI1_IRQHandler
                0x0000000008001338                TIM6_DAC_IRQHandler
                0x0000000008001338                BDMA2_Channel6_IRQHandler
                0x0000000008001338                DMA2_Stream3_IRQHandler
                0x0000000008001338                OCTOSPI2_IRQHandler
                0x0000000008001338                SAI2_IRQHandler
                0x0000000008001338                BDMA1_IRQHandler
                0x0000000008001338                DFSDM1_FLT3_IRQHandler
                0x0000000008001338                USART6_IRQHandler
                0x0000000008001338                TIM17_IRQHandler
                0x0000000008001338                USART3_IRQHandler
                0x0000000008001338                LPTIM5_IRQHandler
                0x0000000008001338                UART5_IRQHandler
                0x0000000008001338                DMA2_Stream0_IRQHandler
                0x0000000008001338                TIM4_IRQHandler
                0x0000000008001338                I2C1_EV_IRQHandler
                0x0000000008001338                DMA1_Stream6_IRQHandler
                0x0000000008001338                DMAMUX1_OVR_IRQHandler
                0x0000000008001338                DMA1_Stream1_IRQHandler
                0x0000000008001338                TIM16_IRQHandler
                0x0000000008001338                UART4_IRQHandler
                0x0000000008001338                TIM3_IRQHandler
                0x0000000008001338                RCC_IRQHandler
                0x0000000008001338                UART9_IRQHandler
                0x0000000008001338                TIM8_BRK_TIM12_IRQHandler
                0x0000000008001338                TIM1_TRG_COM_IRQHandler
                0x0000000008001338                Default_Handler
                0x0000000008001338                ECC_IRQHandler
                0x0000000008001338                BDMA2_Channel2_IRQHandler
                0x0000000008001338                CEC_IRQHandler
                0x0000000008001338                EXTI15_10_IRQHandler
                0x0000000008001338                DFSDM1_FLT4_IRQHandler
                0x0000000008001338                ADC_IRQHandler
                0x0000000008001338                DMA1_Stream7_IRQHandler
                0x0000000008001338                SPI5_IRQHandler
                0x0000000008001338                TIM7_IRQHandler
                0x0000000008001338                SDMMC1_IRQHandler
                0x0000000008001338                TIM5_IRQHandler
                0x0000000008001338                DMA2_Stream7_IRQHandler
                0x0000000008001338                TIM15_IRQHandler
                0x0000000008001338                I2C3_EV_IRQHandler
                0x0000000008001338                DFSDM2_IRQHandler
                0x0000000008001338                EXTI9_5_IRQHandler
                0x0000000008001338                RTC_WKUP_IRQHandler
                0x0000000008001338                LTDC_IRQHandler
                0x0000000008001338                SPDIF_RX_IRQHandler
                0x0000000008001338                PVD_PVM_IRQHandler
                0x0000000008001338                SPI2_IRQHandler
                0x0000000008001338                OTG_HS_EP1_IN_IRQHandler
                0x0000000008001338                DFSDM1_FLT5_IRQHandler
                0x0000000008001338                DMA1_Stream0_IRQHandler
                0x0000000008001338                CRS_IRQHandler
                0x0000000008001338                EXTI4_IRQHandler
                0x0000000008001338                DFSDM1_FLT6_IRQHandler
                0x0000000008001338                RNG_IRQHandler
                0x0000000008001338                FDCAN2_IT1_IRQHandler
                0x0000000008001338                COMP_IRQHandler
                0x0000000008001338                TIM1_UP_IRQHandler
                0x0000000008001338                OTG_HS_EP1_OUT_IRQHandler
                0x0000000008001338                WWDG_IRQHandler
                0x0000000008001338                SPI6_IRQHandler
                0x0000000008001338                MDIOS_IRQHandler
                0x0000000008001338                I2C4_EV_IRQHandler
                0x0000000008001338                FDCAN2_IT0_IRQHandler
                0x0000000008001338                LPUART1_IRQHandler
                0x0000000008001338                FDCAN1_IT0_IRQHandler
                0x0000000008001338                TIM2_IRQHandler
                0x0000000008001338                BDMA2_Channel5_IRQHandler
                0x0000000008001338                OTG_HS_IRQHandler
                0x0000000008001338                DMA2D_IRQHandler
                0x0000000008001338                TIM1_BRK_IRQHandler
                0x0000000008001338                EXTI1_IRQHandler
                0x0000000008001338                SDMMC2_IRQHandler
                0x0000000008001338                DTS_IRQHandler
                0x0000000008001338                UART7_IRQHandler
                0x0000000008001338                MDIOS_WKUP_IRQHandler
                0x0000000008001338                USART2_IRQHandler
                0x0000000008001338                DFSDM1_FLT0_IRQHandler
                0x0000000008001338                I2C2_ER_IRQHandler
                0x0000000008001338                DMA2_Stream1_IRQHandler
                0x0000000008001338                DFSDM1_FLT7_IRQHandler
                0x0000000008001338                FLASH_IRQHandler
                0x0000000008001338                DMA2_Stream4_IRQHandler
                0x0000000008001338                USART1_IRQHandler
                0x0000000008001338                SPI3_IRQHandler
                0x0000000008001338                WAKEUP_PIN_IRQHandler
                0x0000000008001338                DMA1_Stream4_IRQHandler
                0x0000000008001338                I2C1_ER_IRQHandler
                0x0000000008001338                FMC_IRQHandler
                0x0000000008001338                BDMA2_Channel7_IRQHandler
                0x0000000008001338                FDCAN_CAL_IRQHandler
                0x0000000008001338                SWPMI1_IRQHandler
                0x0000000008001338                LPTIM1_IRQHandler
                0x0000000008001338                DCMI_PSSI_IRQHandler
                0x0000000008001338                I2C4_ER_IRQHandler
                0x0000000008001338                DMA2_Stream6_IRQHandler
                0x0000000008001338                SAI1_IRQHandler
                0x0000000008001338                DMA1_Stream3_IRQHandler
                0x0000000008001338                RTC_TAMP_STAMP_CSS_LSE_IRQHandler
                0x0000000008001338                BDMA2_Channel4_IRQHandler
 *fill*         0x000000000800133a        0x2 
 .text.HAL_Init
                0x000000000800133c       0x78 ./Drivers/STM32H7xx_HAL_Driver/Src/stm32h7xx_hal.o
                0x000000000800133c                HAL_Init
 .text.HAL_InitTick
                0x00000000080013b4       0x6c ./Drivers/STM32H7xx_HAL_Driver/Src/stm32h7xx_hal.o
                0x00000000080013b4                HAL_InitTick
 .text.HAL_IncTick
                0x0000000008001420       0x28 ./Drivers/STM32H7xx_HAL_Driver/Src/stm32h7xx_hal.o
                0x0000000008001420                HAL_IncTick
 .text.HAL_GetTick
                0x0000000008001448       0x18 ./Drivers/STM32H7xx_HAL_Driver/Src/stm32h7xx_hal.o
                0x0000000008001448                HAL_GetTick
 .text.HAL_Delay
                0x0000000008001460       0x48 ./Drivers/STM32H7xx_HAL_Driver/Src/stm32h7xx_hal.o
                0x0000000008001460                HAL_Delay
 .text.__NVIC_SetPriorityGrouping
                0x00000000080014a8       0x48 ./Drivers/STM32H7xx_HAL_Driver/Src/stm32h7xx_hal_cortex.o
 .text.__NVIC_GetPriorityGrouping
                0x00000000080014f0       0x1c ./Drivers/STM32H7xx_HAL_Driver/Src/stm32h7xx_hal_cortex.o
 .text.__NVIC_EnableIRQ
                0x000000000800150c       0x3c ./Drivers/STM32H7xx_HAL_Driver/Src/stm32h7xx_hal_cortex.o
 .text.__NVIC_SetPriority
                0x0000000008001548       0x54 ./Drivers/STM32H7xx_HAL_Driver/Src/stm32h7xx_hal_cortex.o
 .text.NVIC_EncodePriority
                0x000000000800159c       0x66 ./Drivers/STM32H7xx_HAL_Driver/Src/stm32h7xx_hal_cortex.o
 *fill*         0x0000000008001602        0x2 
 .text.SysTick_Config
                0x0000000008001604       0x44 ./Drivers/STM32H7xx_HAL_Driver/Src/stm32h7xx_hal_cortex.o
 .text.HAL_NVIC_SetPriorityGrouping
                0x0000000008001648       0x16 ./Drivers/STM32H7xx_HAL_Driver/Src/stm32h7xx_hal_cortex.o
                0x0000000008001648                HAL_NVIC_SetPriorityGrouping
 .text.HAL_NVIC_SetPriority
                0x000000000800165e       0x34 ./Drivers/STM32H7xx_HAL_Driver/Src/stm32h7xx_hal_cortex.o
                0x000000000800165e                HAL_NVIC_SetPriority
 .text.HAL_NVIC_EnableIRQ
                0x0000000008001692       0x1c ./Drivers/STM32H7xx_HAL_Driver/Src/stm32h7xx_hal_cortex.o
                0x0000000008001692                HAL_NVIC_EnableIRQ
 .text.HAL_SYSTICK_Config
                0x00000000080016ae       0x18 ./Drivers/STM32H7xx_HAL_Driver/Src/stm32h7xx_hal_cortex.o
                0x00000000080016ae                HAL_SYSTICK_Config
 *fill*         0x00000000080016c6        0x2 
 .text.HAL_FDCAN_Init
                0x00000000080016c8      0x3c4 ./Drivers/STM32H7xx_HAL_Driver/Src/stm32h7xx_hal_fdcan.o
                0x00000000080016c8                HAL_FDCAN_Init
 .text.HAL_FDCAN_ConfigFilter
                0x0000000008001a8c       0xec ./Drivers/STM32H7xx_HAL_Driver/Src/stm32h7xx_hal_fdcan.o
                0x0000000008001a8c                HAL_FDCAN_ConfigFilter
 .text.HAL_FDCAN_Start
                0x0000000008001b78       0x56 ./Drivers/STM32H7xx_HAL_Driver/Src/stm32h7xx_hal_fdcan.o
                0x0000000008001b78                HAL_FDCAN_Start
 .text.HAL_FDCAN_AddMessageToTxFifoQ
                0x0000000008001bce       0xb6 ./Drivers/STM32H7xx_HAL_Driver/Src/stm32h7xx_hal_fdcan.o
                0x0000000008001bce                HAL_FDCAN_AddMessageToTxFifoQ
 .text.HAL_FDCAN_ActivateNotification
                0x0000000008001c84       0xf4 ./Drivers/STM32H7xx_HAL_Driver/Src/stm32h7xx_hal_fdcan.o
                0x0000000008001c84                HAL_FDCAN_ActivateNotification
 .text.FDCAN_CalcultateRamBlockAddresses
                0x0000000008001d78      0x30c ./Drivers/STM32H7xx_HAL_Driver/Src/stm32h7xx_hal_fdcan.o
 .text.FDCAN_CopyMessageToRAM
                0x0000000008002084       0xfc ./Drivers/STM32H7xx_HAL_Driver/Src/stm32h7xx_hal_fdcan.o
 .text.HAL_GPIO_Init
                0x0000000008002180      0x360 ./Drivers/STM32H7xx_HAL_Driver/Src/stm32h7xx_hal_gpio.o
                0x0000000008002180                HAL_GPIO_Init
 .text.HAL_I2C_Init
                0x00000000080024e0      0x120 ./Drivers/STM32H7xx_HAL_Driver/Src/stm32h7xx_hal_i2c.o
                0x00000000080024e0                HAL_I2C_Init
 .text.HAL_I2C_Master_Transmit
                0x0000000008002600      0x1e8 ./Drivers/STM32H7xx_HAL_Driver/Src/stm32h7xx_hal_i2c.o
                0x0000000008002600                HAL_I2C_Master_Transmit
 .text.HAL_I2C_Master_Receive
                0x00000000080027e8      0x1ec ./Drivers/STM32H7xx_HAL_Driver/Src/stm32h7xx_hal_i2c.o
                0x00000000080027e8                HAL_I2C_Master_Receive
 .text.I2C_Flush_TXDR
                0x00000000080029d4       0x48 ./Drivers/STM32H7xx_HAL_Driver/Src/stm32h7xx_hal_i2c.o
 .text.I2C_WaitOnFlagUntilTimeout
                0x0000000008002a1c       0x80 ./Drivers/STM32H7xx_HAL_Driver/Src/stm32h7xx_hal_i2c.o
 .text.I2C_WaitOnTXISFlagUntilTimeout
                0x0000000008002a9c       0x80 ./Drivers/STM32H7xx_HAL_Driver/Src/stm32h7xx_hal_i2c.o
 .text.I2C_WaitOnSTOPFlagUntilTimeout
                0x0000000008002b1c       0x78 ./Drivers/STM32H7xx_HAL_Driver/Src/stm32h7xx_hal_i2c.o
 .text.I2C_WaitOnRXNEFlagUntilTimeout
                0x0000000008002b94       0xf4 ./Drivers/STM32H7xx_HAL_Driver/Src/stm32h7xx_hal_i2c.o
 .text.I2C_IsErrorOccurred
                0x0000000008002c88      0x1d8 ./Drivers/STM32H7xx_HAL_Driver/Src/stm32h7xx_hal_i2c.o
 .text.I2C_TransferConfig
                0x0000000008002e60       0x64 ./Drivers/STM32H7xx_HAL_Driver/Src/stm32h7xx_hal_i2c.o
 .text.HAL_I2CEx_ConfigAnalogFilter
                0x0000000008002ec4       0x96 ./Drivers/STM32H7xx_HAL_Driver/Src/stm32h7xx_hal_i2c_ex.o
                0x0000000008002ec4                HAL_I2CEx_ConfigAnalogFilter
 .text.HAL_I2CEx_ConfigDigitalFilter
                0x0000000008002f5a       0x98 ./Drivers/STM32H7xx_HAL_Driver/Src/stm32h7xx_hal_i2c_ex.o
                0x0000000008002f5a                HAL_I2CEx_ConfigDigitalFilter
 *fill*         0x0000000008002ff2        0x2 
 .text.HAL_PWREx_ConfigSupply
                0x0000000008002ff4       0xb4 ./Drivers/STM32H7xx_HAL_Driver/Src/stm32h7xx_hal_pwr_ex.o
                0x0000000008002ff4                HAL_PWREx_ConfigSupply
 .text.HAL_RCC_OscConfig
                0x00000000080030a8      0x808 ./Drivers/STM32H7xx_HAL_Driver/Src/stm32h7xx_hal_rcc.o
                0x00000000080030a8                HAL_RCC_OscConfig
 .text.HAL_RCC_ClockConfig
                0x00000000080038b0      0x36c ./Drivers/STM32H7xx_HAL_Driver/Src/stm32h7xx_hal_rcc.o
                0x00000000080038b0                HAL_RCC_ClockConfig
 .text.HAL_RCC_GetSysClockFreq
                0x0000000008003c1c      0x2f4 ./Drivers/STM32H7xx_HAL_Driver/Src/stm32h7xx_hal_rcc.o
                0x0000000008003c1c                HAL_RCC_GetSysClockFreq
 .text.HAL_RCC_GetHCLKFreq
                0x0000000008003f10       0x60 ./Drivers/STM32H7xx_HAL_Driver/Src/stm32h7xx_hal_rcc.o
                0x0000000008003f10                HAL_RCC_GetHCLKFreq
 .text.HAL_RCC_GetPCLK1Freq
                0x0000000008003f70       0x2c ./Drivers/STM32H7xx_HAL_Driver/Src/stm32h7xx_hal_rcc.o
                0x0000000008003f70                HAL_RCC_GetPCLK1Freq
 .text.HAL_RCC_GetPCLK2Freq
                0x0000000008003f9c       0x2c ./Drivers/STM32H7xx_HAL_Driver/Src/stm32h7xx_hal_rcc.o
                0x0000000008003f9c                HAL_RCC_GetPCLK2Freq
 .text.HAL_RCCEx_PeriphCLKConfig
                0x0000000008003fc8      0xe18 ./Drivers/STM32H7xx_HAL_Driver/Src/stm32h7xx_hal_rcc_ex.o
                0x0000000008003fc8                HAL_RCCEx_PeriphCLKConfig
 .text.HAL_RCCEx_GetD3PCLK1Freq
                0x0000000008004de0       0x2c ./Drivers/STM32H7xx_HAL_Driver/Src/stm32h7xx_hal_rcc_ex.o
                0x0000000008004de0                HAL_RCCEx_GetD3PCLK1Freq
 .text.HAL_RCCEx_GetPLL2ClockFreq
                0x0000000008004e0c      0x2a8 ./Drivers/STM32H7xx_HAL_Driver/Src/stm32h7xx_hal_rcc_ex.o
                0x0000000008004e0c                HAL_RCCEx_GetPLL2ClockFreq
 .text.HAL_RCCEx_GetPLL3ClockFreq
                0x00000000080050b4      0x2a8 ./Drivers/STM32H7xx_HAL_Driver/Src/stm32h7xx_hal_rcc_ex.o
                0x00000000080050b4                HAL_RCCEx_GetPLL3ClockFreq
 .text.RCCEx_PLL2_Config
                0x000000000800535c      0x164 ./Drivers/STM32H7xx_HAL_Driver/Src/stm32h7xx_hal_rcc_ex.o
 .text.RCCEx_PLL3_Config
                0x00000000080054c0      0x164 ./Drivers/STM32H7xx_HAL_Driver/Src/stm32h7xx_hal_rcc_ex.o
 .text.HAL_UART_Init
                0x0000000008005624       0xa0 ./Drivers/STM32H7xx_HAL_Driver/Src/stm32h7xx_hal_uart.o
                0x0000000008005624                HAL_UART_Init
 .text.UART_SetConfig
                0x00000000080056c4      0xcbc ./Drivers/STM32H7xx_HAL_Driver/Src/stm32h7xx_hal_uart.o
                0x00000000080056c4                UART_SetConfig
 .text.UART_AdvFeatureConfig
                0x0000000008006380      0x144 ./Drivers/STM32H7xx_HAL_Driver/Src/stm32h7xx_hal_uart.o
                0x0000000008006380                UART_AdvFeatureConfig
 .text.UART_CheckIdleState
                0x00000000080064c4       0x96 ./Drivers/STM32H7xx_HAL_Driver/Src/stm32h7xx_hal_uart.o
                0x00000000080064c4                UART_CheckIdleState
 .text.UART_WaitOnFlagUntilTimeout
                0x000000000800655a      0x190 ./Drivers/STM32H7xx_HAL_Driver/Src/stm32h7xx_hal_uart.o
                0x000000000800655a                UART_WaitOnFlagUntilTimeout
 .text.HAL_UARTEx_DisableFifoMode
                0x00000000080066ea       0x72 ./Drivers/STM32H7xx_HAL_Driver/Src/stm32h7xx_hal_uart_ex.o
                0x00000000080066ea                HAL_UARTEx_DisableFifoMode
 .text.HAL_UARTEx_SetTxFifoThreshold
                0x000000000800675c       0x7c ./Drivers/STM32H7xx_HAL_Driver/Src/stm32h7xx_hal_uart_ex.o
                0x000000000800675c                HAL_UARTEx_SetTxFifoThreshold
 .text.HAL_UARTEx_SetRxFifoThreshold
                0x00000000080067d8       0x7c ./Drivers/STM32H7xx_HAL_Driver/Src/stm32h7xx_hal_uart_ex.o
                0x00000000080067d8                HAL_UARTEx_SetRxFifoThreshold
 .text.UARTEx_SetNbDataToProcess
                0x0000000008006854       0x9c ./Drivers/STM32H7xx_HAL_Driver/Src/stm32h7xx_hal_uart_ex.o
 .text.__errno  0x00000000080068f0        0xc c:/st/stm32cubeide_1.8.0/stm32cubeide/plugins/com.st.stm32cube.ide.mcu.externaltools.gnu-tools-for-stm32.9-2020-q2-update.win32_2.0.0.202105311346/tools/bin/../lib/gcc/arm-none-eabi/9.3.1/../../../../arm-none-eabi/lib/thumb/v7e-m+dp/hard\libc_nano.a(lib_a-errno.o)
                0x00000000080068f0                __errno
 .text.__libc_init_array
                0x00000000080068fc       0x48 c:/st/stm32cubeide_1.8.0/stm32cubeide/plugins/com.st.stm32cube.ide.mcu.externaltools.gnu-tools-for-stm32.9-2020-q2-update.win32_2.0.0.202105311346/tools/bin/../lib/gcc/arm-none-eabi/9.3.1/../../../../arm-none-eabi/lib/thumb/v7e-m+dp/hard\libc_nano.a(lib_a-init.o)
                0x00000000080068fc                __libc_init_array
 .text.memcpy   0x0000000008006944       0x1c c:/st/stm32cubeide_1.8.0/stm32cubeide/plugins/com.st.stm32cube.ide.mcu.externaltools.gnu-tools-for-stm32.9-2020-q2-update.win32_2.0.0.202105311346/tools/bin/../lib/gcc/arm-none-eabi/9.3.1/../../../../arm-none-eabi/lib/thumb/v7e-m+dp/hard\libc_nano.a(lib_a-memcpy-stub.o)
                0x0000000008006944                memcpy
 .text.memset   0x0000000008006960       0x10 c:/st/stm32cubeide_1.8.0/stm32cubeide/plugins/com.st.stm32cube.ide.mcu.externaltools.gnu-tools-for-stm32.9-2020-q2-update.win32_2.0.0.202105311346/tools/bin/../lib/gcc/arm-none-eabi/9.3.1/../../../../arm-none-eabi/lib/thumb/v7e-m+dp/hard\libc_nano.a(lib_a-memset.o)
                0x0000000008006960                memset
 .text.sprintf  0x0000000008006970       0x40 c:/st/stm32cubeide_1.8.0/stm32cubeide/plugins/com.st.stm32cube.ide.mcu.externaltools.gnu-tools-for-stm32.9-2020-q2-update.win32_2.0.0.202105311346/tools/bin/../lib/gcc/arm-none-eabi/9.3.1/../../../../arm-none-eabi/lib/thumb/v7e-m+dp/hard\libc_nano.a(lib_a-sprintf.o)
                0x0000000008006970                siprintf
                0x0000000008006970                sprintf
 .text.__retarget_lock_acquire_recursive
                0x00000000080069b0        0x2 c:/st/stm32cubeide_1.8.0/stm32cubeide/plugins/com.st.stm32cube.ide.mcu.externaltools.gnu-tools-for-stm32.9-2020-q2-update.win32_2.0.0.202105311346/tools/bin/../lib/gcc/arm-none-eabi/9.3.1/../../../../arm-none-eabi/lib/thumb/v7e-m+dp/hard\libc_nano.a(lib_a-lock.o)
                0x00000000080069b0                __retarget_lock_acquire_recursive
 .text.__retarget_lock_release_recursive
                0x00000000080069b2        0x2 c:/st/stm32cubeide_1.8.0/stm32cubeide/plugins/com.st.stm32cube.ide.mcu.externaltools.gnu-tools-for-stm32.9-2020-q2-update.win32_2.0.0.202105311346/tools/bin/../lib/gcc/arm-none-eabi/9.3.1/../../../../arm-none-eabi/lib/thumb/v7e-m+dp/hard\libc_nano.a(lib_a-lock.o)
                0x00000000080069b2                __retarget_lock_release_recursive
 .text._malloc_r
                0x00000000080069b4       0xb4 c:/st/stm32cubeide_1.8.0/stm32cubeide/plugins/com.st.stm32cube.ide.mcu.externaltools.gnu-tools-for-stm32.9-2020-q2-update.win32_2.0.0.202105311346/tools/bin/../lib/gcc/arm-none-eabi/9.3.1/../../../../arm-none-eabi/lib/thumb/v7e-m+dp/hard\libc_nano.a(lib_a-nano-mallocr.o)
                0x00000000080069b4                _malloc_r
 .text.__ssputs_r
                0x0000000008006a68       0xb6 c:/st/stm32cubeide_1.8.0/stm32cubeide/plugins/com.st.stm32cube.ide.mcu.externaltools.gnu-tools-for-stm32.9-2020-q2-update.win32_2.0.0.202105311346/tools/bin/../lib/gcc/arm-none-eabi/9.3.1/../../../../arm-none-eabi/lib/thumb/v7e-m+dp/hard\libc_nano.a(lib_a-nano-svfprintf.o)
                0x0000000008006a68                __ssputs_r
 *fill*         0x0000000008006b1e        0x2 
 .text._svfprintf_r
                0x0000000008006b20      0x200 c:/st/stm32cubeide_1.8.0/stm32cubeide/plugins/com.st.stm32cube.ide.mcu.externaltools.gnu-tools-for-stm32.9-2020-q2-update.win32_2.0.0.202105311346/tools/bin/../lib/gcc/arm-none-eabi/9.3.1/../../../../arm-none-eabi/lib/thumb/v7e-m+dp/hard\libc_nano.a(lib_a-nano-svfprintf.o)
                0x0000000008006b20                _svfiprintf_r
                0x0000000008006b20                _svfprintf_r
 .text._printf_common
                0x0000000008006d20       0xda c:/st/stm32cubeide_1.8.0/stm32cubeide/plugins/com.st.stm32cube.ide.mcu.externaltools.gnu-tools-for-stm32.9-2020-q2-update.win32_2.0.0.202105311346/tools/bin/../lib/gcc/arm-none-eabi/9.3.1/../../../../arm-none-eabi/lib/thumb/v7e-m+dp/hard\libc_nano.a(lib_a-nano-vfprintf_i.o)
                0x0000000008006d20                _printf_common
 *fill*         0x0000000008006dfa        0x2 
 .text._printf_i
                0x0000000008006dfc      0x24c c:/st/stm32cubeide_1.8.0/stm32cubeide/plugins/com.st.stm32cube.ide.mcu.externaltools.gnu-tools-for-stm32.9-2020-q2-update.win32_2.0.0.202105311346/tools/bin/../lib/gcc/arm-none-eabi/9.3.1/../../../../arm-none-eabi/lib/thumb/v7e-m+dp/hard\libc_nano.a(lib_a-nano-vfprintf_i.o)
                0x0000000008006dfc                _printf_i
 .text._sbrk_r  0x0000000008007048       0x20 c:/st/stm32cubeide_1.8.0/stm32cubeide/plugins/com.st.stm32cube.ide.mcu.externaltools.gnu-tools-for-stm32.9-2020-q2-update.win32_2.0.0.202105311346/tools/bin/../lib/gcc/arm-none-eabi/9.3.1/../../../../arm-none-eabi/lib/thumb/v7e-m+dp/hard\libc_nano.a(lib_a-sbrkr.o)
                0x0000000008007048                _sbrk_r
 .text.memmove  0x0000000008007068       0x34 c:/st/stm32cubeide_1.8.0/stm32cubeide/plugins/com.st.stm32cube.ide.mcu.externaltools.gnu-tools-for-stm32.9-2020-q2-update.win32_2.0.0.202105311346/tools/bin/../lib/gcc/arm-none-eabi/9.3.1/../../../../arm-none-eabi/lib/thumb/v7e-m+dp/hard\libc_nano.a(lib_a-memmove.o)
                0x0000000008007068                memmove
 .text.__malloc_lock
                0x000000000800709c        0xc c:/st/stm32cubeide_1.8.0/stm32cubeide/plugins/com.st.stm32cube.ide.mcu.externaltools.gnu-tools-for-stm32.9-2020-q2-update.win32_2.0.0.202105311346/tools/bin/../lib/gcc/arm-none-eabi/9.3.1/../../../../arm-none-eabi/lib/thumb/v7e-m+dp/hard\libc_nano.a(lib_a-mlock.o)
                0x000000000800709c                __malloc_lock
 .text.__malloc_unlock
                0x00000000080070a8        0xc c:/st/stm32cubeide_1.8.0/stm32cubeide/plugins/com.st.stm32cube.ide.mcu.externaltools.gnu-tools-for-stm32.9-2020-q2-update.win32_2.0.0.202105311346/tools/bin/../lib/gcc/arm-none-eabi/9.3.1/../../../../arm-none-eabi/lib/thumb/v7e-m+dp/hard\libc_nano.a(lib_a-mlock.o)
                0x00000000080070a8                __malloc_unlock
 .text._free_r  0x00000000080070b4       0xa0 c:/st/stm32cubeide_1.8.0/stm32cubeide/plugins/com.st.stm32cube.ide.mcu.externaltools.gnu-tools-for-stm32.9-2020-q2-update.win32_2.0.0.202105311346/tools/bin/../lib/gcc/arm-none-eabi/9.3.1/../../../../arm-none-eabi/lib/thumb/v7e-m+dp/hard\libc_nano.a(lib_a-nano-freer.o)
                0x00000000080070b4                _free_r
 .text._realloc_r
                0x0000000008007154       0x4c c:/st/stm32cubeide_1.8.0/stm32cubeide/plugins/com.st.stm32cube.ide.mcu.externaltools.gnu-tools-for-stm32.9-2020-q2-update.win32_2.0.0.202105311346/tools/bin/../lib/gcc/arm-none-eabi/9.3.1/../../../../arm-none-eabi/lib/thumb/v7e-m+dp/hard\libc_nano.a(lib_a-nano-reallocr.o)
                0x0000000008007154                _realloc_r
 .text._malloc_usable_size_r
                0x00000000080071a0       0x10 c:/st/stm32cubeide_1.8.0/stm32cubeide/plugins/com.st.stm32cube.ide.mcu.externaltools.gnu-tools-for-stm32.9-2020-q2-update.win32_2.0.0.202105311346/tools/bin/../lib/gcc/arm-none-eabi/9.3.1/../../../../arm-none-eabi/lib/thumb/v7e-m+dp/hard\libc_nano.a(lib_a-nano-msizer.o)
                0x00000000080071a0                _malloc_usable_size_r
 *(.glue_7)
 .glue_7        0x00000000080071b0        0x0 linker stubs
 *(.glue_7t)
 .glue_7t       0x00000000080071b0        0x0 linker stubs
 *(.eh_frame)
 .eh_frame      0x00000000080071b0        0x0 c:/st/stm32cubeide_1.8.0/stm32cubeide/plugins/com.st.stm32cube.ide.mcu.externaltools.gnu-tools-for-stm32.9-2020-q2-update.win32_2.0.0.202105311346/tools/bin/../lib/gcc/arm-none-eabi/9.3.1/thumb/v7e-m+dp/hard/crtbegin.o
 *(.init)
 .init          0x00000000080071b0        0x4 c:/st/stm32cubeide_1.8.0/stm32cubeide/plugins/com.st.stm32cube.ide.mcu.externaltools.gnu-tools-for-stm32.9-2020-q2-update.win32_2.0.0.202105311346/tools/bin/../lib/gcc/arm-none-eabi/9.3.1/thumb/v7e-m+dp/hard/crti.o
                0x00000000080071b0                _init
 .init          0x00000000080071b4        0x8 c:/st/stm32cubeide_1.8.0/stm32cubeide/plugins/com.st.stm32cube.ide.mcu.externaltools.gnu-tools-for-stm32.9-2020-q2-update.win32_2.0.0.202105311346/tools/bin/../lib/gcc/arm-none-eabi/9.3.1/thumb/v7e-m+dp/hard/crtn.o
 *(.fini)
 .fini          0x00000000080071bc        0x4 c:/st/stm32cubeide_1.8.0/stm32cubeide/plugins/com.st.stm32cube.ide.mcu.externaltools.gnu-tools-for-stm32.9-2020-q2-update.win32_2.0.0.202105311346/tools/bin/../lib/gcc/arm-none-eabi/9.3.1/thumb/v7e-m+dp/hard/crti.o
                0x00000000080071bc                _fini
 .fini          0x00000000080071c0        0x8 c:/st/stm32cubeide_1.8.0/stm32cubeide/plugins/com.st.stm32cube.ide.mcu.externaltools.gnu-tools-for-stm32.9-2020-q2-update.win32_2.0.0.202105311346/tools/bin/../lib/gcc/arm-none-eabi/9.3.1/thumb/v7e-m+dp/hard/crtn.o
                0x00000000080071c8                . = ALIGN (0x4)
                0x00000000080071c8                _etext = .

.vfp11_veneer   0x00000000080071c8        0x0
 .vfp11_veneer  0x00000000080071c8        0x0 linker stubs

.v4_bx          0x00000000080071c8        0x0
 .v4_bx         0x00000000080071c8        0x0 linker stubs

.iplt           0x00000000080071c8        0x0
 .iplt          0x00000000080071c8        0x0 c:/st/stm32cubeide_1.8.0/stm32cubeide/plugins/com.st.stm32cube.ide.mcu.externaltools.gnu-tools-for-stm32.9-2020-q2-update.win32_2.0.0.202105311346/tools/bin/../lib/gcc/arm-none-eabi/9.3.1/thumb/v7e-m+dp/hard/crtbegin.o

.rodata         0x00000000080071c8      0x130
                0x00000000080071c8                . = ALIGN (0x4)
 *(.rodata)
 .rodata        0x00000000080071c8        0x7 ./Core/Src/main.o
 *fill*         0x00000000080071cf        0x1 
 .rodata        0x00000000080071d0       0x4c ./Drivers/STM32H7xx_HAL_Driver/Src/stm32h7xx_hal_fdcan.o
 *(.rodata*)
 .rodata.D1CorePrescTable
                0x000000000800721c       0x10 ./Core/Src/system_stm32h7xx.o
                0x000000000800721c                D1CorePrescTable
 .rodata.DLCtoBytes
                0x000000000800722c       0x10 ./Drivers/STM32H7xx_HAL_Driver/Src/stm32h7xx_hal_fdcan.o
 .rodata.UARTPrescTable
                0x000000000800723c       0x18 ./Drivers/STM32H7xx_HAL_Driver/Src/stm32h7xx_hal_uart.o
                0x000000000800723c                UARTPrescTable
 .rodata.numerator.10769
                0x0000000008007254        0x8 ./Drivers/STM32H7xx_HAL_Driver/Src/stm32h7xx_hal_uart_ex.o
 .rodata.denominator.10770
                0x000000000800725c        0x8 ./Drivers/STM32H7xx_HAL_Driver/Src/stm32h7xx_hal_uart_ex.o
 .rodata.__sf_fake_stderr
                0x0000000008007264       0x20 c:/st/stm32cubeide_1.8.0/stm32cubeide/plugins/com.st.stm32cube.ide.mcu.externaltools.gnu-tools-for-stm32.9-2020-q2-update.win32_2.0.0.202105311346/tools/bin/../lib/gcc/arm-none-eabi/9.3.1/../../../../arm-none-eabi/lib/thumb/v7e-m+dp/hard\libc_nano.a(lib_a-findfp.o)
                0x0000000008007264                __sf_fake_stderr
 .rodata.__sf_fake_stdin
                0x0000000008007284       0x20 c:/st/stm32cubeide_1.8.0/stm32cubeide/plugins/com.st.stm32cube.ide.mcu.externaltools.gnu-tools-for-stm32.9-2020-q2-update.win32_2.0.0.202105311346/tools/bin/../lib/gcc/arm-none-eabi/9.3.1/../../../../arm-none-eabi/lib/thumb/v7e-m+dp/hard\libc_nano.a(lib_a-findfp.o)
                0x0000000008007284                __sf_fake_stdin
 .rodata.__sf_fake_stdout
                0x00000000080072a4       0x20 c:/st/stm32cubeide_1.8.0/stm32cubeide/plugins/com.st.stm32cube.ide.mcu.externaltools.gnu-tools-for-stm32.9-2020-q2-update.win32_2.0.0.202105311346/tools/bin/../lib/gcc/arm-none-eabi/9.3.1/../../../../arm-none-eabi/lib/thumb/v7e-m+dp/hard\libc_nano.a(lib_a-findfp.o)
                0x00000000080072a4                __sf_fake_stdout
 .rodata._svfprintf_r.str1.1
                0x00000000080072c4       0x11 c:/st/stm32cubeide_1.8.0/stm32cubeide/plugins/com.st.stm32cube.ide.mcu.externaltools.gnu-tools-for-stm32.9-2020-q2-update.win32_2.0.0.202105311346/tools/bin/../lib/gcc/arm-none-eabi/9.3.1/../../../../arm-none-eabi/lib/thumb/v7e-m+dp/hard\libc_nano.a(lib_a-nano-svfprintf.o)
 .rodata._printf_i.str1.1
                0x00000000080072d5       0x22 c:/st/stm32cubeide_1.8.0/stm32cubeide/plugins/com.st.stm32cube.ide.mcu.externaltools.gnu-tools-for-stm32.9-2020-q2-update.win32_2.0.0.202105311346/tools/bin/../lib/gcc/arm-none-eabi/9.3.1/../../../../arm-none-eabi/lib/thumb/v7e-m+dp/hard\libc_nano.a(lib_a-nano-vfprintf_i.o)
                0x00000000080072f8                . = ALIGN (0x4)
 *fill*         0x00000000080072f7        0x1 

.ARM.extab
 *(.ARM.extab* .gnu.linkonce.armextab.*)

.ARM            0x00000000080072f8        0x8
                0x00000000080072f8                __exidx_start = .
 *(.ARM.exidx*)
 .ARM.exidx     0x00000000080072f8        0x8 c:/st/stm32cubeide_1.8.0/stm32cubeide/plugins/com.st.stm32cube.ide.mcu.externaltools.gnu-tools-for-stm32.9-2020-q2-update.win32_2.0.0.202105311346/tools/bin/../lib/gcc/arm-none-eabi/9.3.1/thumb/v7e-m+dp/hard\libgcc.a(_udivmoddi4.o)
                0x0000000008007300                __exidx_end = .

.rel.dyn        0x0000000008007300        0x0
 .rel.iplt      0x0000000008007300        0x0 c:/st/stm32cubeide_1.8.0/stm32cubeide/plugins/com.st.stm32cube.ide.mcu.externaltools.gnu-tools-for-stm32.9-2020-q2-update.win32_2.0.0.202105311346/tools/bin/../lib/gcc/arm-none-eabi/9.3.1/thumb/v7e-m+dp/hard/crtbegin.o

.preinit_array  0x0000000008007300        0x0
                0x0000000008007300                PROVIDE (__preinit_array_start = .)
 *(.preinit_array*)
                0x0000000008007300                PROVIDE (__preinit_array_end = .)

.init_array     0x0000000008007300        0x4
                0x0000000008007300                PROVIDE (__init_array_start = .)
 *(SORT_BY_NAME(.init_array.*))
 *(.init_array*)
 .init_array    0x0000000008007300        0x4 c:/st/stm32cubeide_1.8.0/stm32cubeide/plugins/com.st.stm32cube.ide.mcu.externaltools.gnu-tools-for-stm32.9-2020-q2-update.win32_2.0.0.202105311346/tools/bin/../lib/gcc/arm-none-eabi/9.3.1/thumb/v7e-m+dp/hard/crtbegin.o
                0x0000000008007304                PROVIDE (__init_array_end = .)

.fini_array     0x0000000008007304        0x4
                [!provide]                        PROVIDE (__fini_array_start = .)
 *(SORT_BY_NAME(.fini_array.*))
 *(.fini_array*)
 .fini_array    0x0000000008007304        0x4 c:/st/stm32cubeide_1.8.0/stm32cubeide/plugins/com.st.stm32cube.ide.mcu.externaltools.gnu-tools-for-stm32.9-2020-q2-update.win32_2.0.0.202105311346/tools/bin/../lib/gcc/arm-none-eabi/9.3.1/thumb/v7e-m+dp/hard/crtbegin.o
                [!provide]                        PROVIDE (__fini_array_end = .)
                0x0000000008007308                _sidata = LOADADDR (.data)

.data           0x0000000024000000       0x78 load address 0x0000000008007308
                0x0000000024000000                . = ALIGN (0x4)
                0x0000000024000000                _sdata = .
 *(.data)
 *(.data*)
 .data.tfFrame  0x0000000024000000        0x2 ./Core/Src/main.o
                0x0000000024000000                tfFrame
 *fill*         0x0000000024000002        0x2 
 .data.SystemCoreClock
                0x0000000024000004        0x4 ./Core/Src/system_stm32h7xx.o
                0x0000000024000004                SystemCoreClock
 .data.SystemD2Clock
                0x0000000024000008        0x4 ./Core/Src/system_stm32h7xx.o
                0x0000000024000008                SystemD2Clock
 .data.uwTickPrio
                0x000000002400000c        0x4 ./Drivers/STM32H7xx_HAL_Driver/Src/stm32h7xx_hal.o
                0x000000002400000c                uwTickPrio
 .data.uwTickFreq
                0x0000000024000010        0x1 ./Drivers/STM32H7xx_HAL_Driver/Src/stm32h7xx_hal.o
                0x0000000024000010                uwTickFreq
 *fill*         0x0000000024000011        0x3 
 .data._impure_ptr
                0x0000000024000014        0x4 c:/st/stm32cubeide_1.8.0/stm32cubeide/plugins/com.st.stm32cube.ide.mcu.externaltools.gnu-tools-for-stm32.9-2020-q2-update.win32_2.0.0.202105311346/tools/bin/../lib/gcc/arm-none-eabi/9.3.1/../../../../arm-none-eabi/lib/thumb/v7e-m+dp/hard\libc_nano.a(lib_a-impure.o)
                0x0000000024000014                _impure_ptr
 .data.impure_data
                0x0000000024000018       0x60 c:/st/stm32cubeide_1.8.0/stm32cubeide/plugins/com.st.stm32cube.ide.mcu.externaltools.gnu-tools-for-stm32.9-2020-q2-update.win32_2.0.0.202105311346/tools/bin/../lib/gcc/arm-none-eabi/9.3.1/../../../../arm-none-eabi/lib/thumb/v7e-m+dp/hard\libc_nano.a(lib_a-impure.o)
 *(.RamFunc)
 *(.RamFunc*)
                0x0000000024000078                . = ALIGN (0x4)
                0x0000000024000078                _edata = .

.igot.plt       0x0000000024000078        0x0 load address 0x0000000008007380
 .igot.plt      0x0000000024000078        0x0 c:/st/stm32cubeide_1.8.0/stm32cubeide/plugins/com.st.stm32cube.ide.mcu.externaltools.gnu-tools-for-stm32.9-2020-q2-update.win32_2.0.0.202105311346/tools/bin/../lib/gcc/arm-none-eabi/9.3.1/thumb/v7e-m+dp/hard/crtbegin.o
                0x0000000024000078                . = ALIGN (0x4)

.bss            0x0000000024000078      0x290 load address 0x0000000008007380
                0x0000000024000078                _sbss = .
                0x0000000024000078                __bss_start__ = _sbss
 *(.bss)
 .bss           0x0000000024000078       0x1c c:/st/stm32cubeide_1.8.0/stm32cubeide/plugins/com.st.stm32cube.ide.mcu.externaltools.gnu-tools-for-stm32.9-2020-q2-update.win32_2.0.0.202105311346/tools/bin/../lib/gcc/arm-none-eabi/9.3.1/thumb/v7e-m+dp/hard/crtbegin.o
 *(.bss*)
 .bss.tfDist    0x0000000024000094        0x2 ./Core/Src/main.o
                0x0000000024000094                tfDist
 .bss.tfFlux    0x0000000024000096        0x2 ./Core/Src/main.o
                0x0000000024000096                tfFlux
 .bss.tfTemp    0x0000000024000098        0x2 ./Core/Src/main.o
                0x0000000024000098                tfTemp
 .bss.tfTime    0x000000002400009a        0x2 ./Core/Src/main.o
                0x000000002400009a                tfTime
 .bss.__sbrk_heap_end
                0x000000002400009c        0x4 ./Core/Src/sysmem.o
 .bss.__malloc_free_list
                0x00000000240000a0        0x4 c:/st/stm32cubeide_1.8.0/stm32cubeide/plugins/com.st.stm32cube.ide.mcu.externaltools.gnu-tools-for-stm32.9-2020-q2-update.win32_2.0.0.202105311346/tools/bin/../lib/gcc/arm-none-eabi/9.3.1/../../../../arm-none-eabi/lib/thumb/v7e-m+dp/hard\libc_nano.a(lib_a-nano-mallocr.o)
                0x00000000240000a0                __malloc_free_list
 .bss.__malloc_sbrk_start
                0x00000000240000a4        0x4 c:/st/stm32cubeide_1.8.0/stm32cubeide/plugins/com.st.stm32cube.ide.mcu.externaltools.gnu-tools-for-stm32.9-2020-q2-update.win32_2.0.0.202105311346/tools/bin/../lib/gcc/arm-none-eabi/9.3.1/../../../../arm-none-eabi/lib/thumb/v7e-m+dp/hard\libc_nano.a(lib_a-nano-mallocr.o)
                0x00000000240000a4                __malloc_sbrk_start
 *(COMMON)
 COMMON         0x00000000240000a8      0x10c ./Core/Src/fdcan.o
                0x00000000240000a8                sFilterConfig
                0x00000000240000c8                hfdcan1
                0x0000000024000168                TxHeader
                0x000000002400018c                RxHeader
 COMMON         0x00000000240001b4       0x4c ./Core/Src/i2c.o
                0x00000000240001b4                hi2c1
 COMMON         0x0000000024000200       0x64 ./Core/Src/main.o
                0x0000000024000200                tfCode
                0x0000000024000210                dataArray
                0x0000000024000216                tfStatus
                0x0000000024000218                tfVer
                0x000000002400021b                regReply
                0x000000002400021c                TF_Luna_1
                0x0000000024000224                RxData_From_Node2
                0x0000000024000234                TxData_Node1_To_Node3
                0x0000000024000244                RxData_From_Node3
                0x0000000024000254                TxData_Node3_To_Node2
 COMMON         0x0000000024000264       0x90 ./Core/Src/usart.o
                0x0000000024000264                huart3
 COMMON         0x00000000240002f4        0x4 ./Drivers/STM32H7xx_HAL_Driver/Src/stm32h7xx_hal.o
                0x00000000240002f4                uwTick
 COMMON         0x00000000240002f8        0x9 c:/st/stm32cubeide_1.8.0/stm32cubeide/plugins/com.st.stm32cube.ide.mcu.externaltools.gnu-tools-for-stm32.9-2020-q2-update.win32_2.0.0.202105311346/tools/bin/../lib/gcc/arm-none-eabi/9.3.1/../../../../arm-none-eabi/lib/thumb/v7e-m+dp/hard\libc_nano.a(lib_a-lock.o)
                0x00000000240002f8                __lock___atexit_recursive_mutex
                0x00000000240002f9                __lock___arc4random_mutex
                0x00000000240002fa                __lock___env_recursive_mutex
                0x00000000240002fb                __lock___sinit_recursive_mutex
                0x00000000240002fc                __lock___malloc_recursive_mutex
                0x00000000240002fd                __lock___at_quick_exit_mutex
                0x00000000240002fe                __lock___dd_hash_mutex
                0x00000000240002ff                __lock___tz_mutex
                0x0000000024000300                __lock___sfp_recursive_mutex
 *fill*         0x0000000024000301        0x3 
 COMMON         0x0000000024000304        0x4 c:/st/stm32cubeide_1.8.0/stm32cubeide/plugins/com.st.stm32cube.ide.mcu.externaltools.gnu-tools-for-stm32.9-2020-q2-update.win32_2.0.0.202105311346/tools/bin/../lib/gcc/arm-none-eabi/9.3.1/../../../../arm-none-eabi/lib/thumb/v7e-m+dp/hard\libc_nano.a(lib_a-reent.o)
                0x0000000024000304                errno
                0x0000000024000308                . = ALIGN (0x4)
                0x0000000024000308                _ebss = .
                0x0000000024000308                __bss_end__ = _ebss

._user_heap_stack
                0x0000000024000308      0x600 load address 0x0000000008007380
                0x0000000024000308                . = ALIGN (0x8)
                [!provide]                        PROVIDE (end = .)
                0x0000000024000308                PROVIDE (_end = .)
                0x0000000024000508                . = (. + _Min_Heap_Size)
 *fill*         0x0000000024000308      0x200 
                0x0000000024000908                . = (. + _Min_Stack_Size)
 *fill*         0x0000000024000508      0x400 
                0x0000000024000908                . = ALIGN (0x8)

/DISCARD/
 libc.a(*)
 libm.a(*)
 libgcc.a(*)

.ARM.attributes
                0x0000000000000000       0x2e
 *(.ARM.attributes)
 .ARM.attributes
                0x0000000000000000       0x1e c:/st/stm32cubeide_1.8.0/stm32cubeide/plugins/com.st.stm32cube.ide.mcu.externaltools.gnu-tools-for-stm32.9-2020-q2-update.win32_2.0.0.202105311346/tools/bin/../lib/gcc/arm-none-eabi/9.3.1/thumb/v7e-m+dp/hard/crti.o
 .ARM.attributes
                0x000000000000001e       0x32 c:/st/stm32cubeide_1.8.0/stm32cubeide/plugins/com.st.stm32cube.ide.mcu.externaltools.gnu-tools-for-stm32.9-2020-q2-update.win32_2.0.0.202105311346/tools/bin/../lib/gcc/arm-none-eabi/9.3.1/thumb/v7e-m+dp/hard/crtbegin.o
 .ARM.attributes
                0x0000000000000050       0x32 ./Core/Src/fdcan.o
 .ARM.attributes
                0x0000000000000082       0x32 ./Core/Src/gpio.o
 .ARM.attributes
                0x00000000000000b4       0x32 ./Core/Src/i2c.o
 .ARM.attributes
                0x00000000000000e6       0x32 ./Core/Src/main.o
 .ARM.attributes
                0x0000000000000118       0x32 ./Core/Src/stm32h7xx_hal_msp.o
 .ARM.attributes
                0x000000000000014a       0x32 ./Core/Src/stm32h7xx_it.o
 .ARM.attributes
                0x000000000000017c       0x32 ./Core/Src/sysmem.o
 .ARM.attributes
                0x00000000000001ae       0x32 ./Core/Src/system_stm32h7xx.o
 .ARM.attributes
                0x00000000000001e0       0x32 ./Core/Src/tfluna_i2c.o
 .ARM.attributes
                0x0000000000000212       0x32 ./Core/Src/usart.o
 .ARM.attributes
                0x0000000000000244       0x21 ./Core/Startup/startup_stm32h7a3zitxq.o
 .ARM.attributes
                0x0000000000000265       0x32 ./Drivers/STM32H7xx_HAL_Driver/Src/stm32h7xx_hal.o
 .ARM.attributes
                0x0000000000000297       0x32 ./Drivers/STM32H7xx_HAL_Driver/Src/stm32h7xx_hal_cortex.o
 .ARM.attributes
                0x00000000000002c9       0x32 ./Drivers/STM32H7xx_HAL_Driver/Src/stm32h7xx_hal_fdcan.o
 .ARM.attributes
                0x00000000000002fb       0x32 ./Drivers/STM32H7xx_HAL_Driver/Src/stm32h7xx_hal_gpio.o
 .ARM.attributes
                0x000000000000032d       0x32 ./Drivers/STM32H7xx_HAL_Driver/Src/stm32h7xx_hal_i2c.o
 .ARM.attributes
                0x000000000000035f       0x32 ./Drivers/STM32H7xx_HAL_Driver/Src/stm32h7xx_hal_i2c_ex.o
 .ARM.attributes
                0x0000000000000391       0x32 ./Drivers/STM32H7xx_HAL_Driver/Src/stm32h7xx_hal_pwr_ex.o
 .ARM.attributes
                0x00000000000003c3       0x32 ./Drivers/STM32H7xx_HAL_Driver/Src/stm32h7xx_hal_rcc.o
 .ARM.attributes
                0x00000000000003f5       0x32 ./Drivers/STM32H7xx_HAL_Driver/Src/stm32h7xx_hal_rcc_ex.o
 .ARM.attributes
                0x0000000000000427       0x32 ./Drivers/STM32H7xx_HAL_Driver/Src/stm32h7xx_hal_uart.o
 .ARM.attributes
                0x0000000000000459       0x32 ./Drivers/STM32H7xx_HAL_Driver/Src/stm32h7xx_hal_uart_ex.o
 .ARM.attributes
                0x000000000000048b       0x32 c:/st/stm32cubeide_1.8.0/stm32cubeide/plugins/com.st.stm32cube.ide.mcu.externaltools.gnu-tools-for-stm32.9-2020-q2-update.win32_2.0.0.202105311346/tools/bin/../lib/gcc/arm-none-eabi/9.3.1/../../../../arm-none-eabi/lib/thumb/v7e-m+dp/hard\libc_nano.a(lib_a-errno.o)
 .ARM.attributes
                0x00000000000004bd       0x30 c:/st/stm32cubeide_1.8.0/stm32cubeide/plugins/com.st.stm32cube.ide.mcu.externaltools.gnu-tools-for-stm32.9-2020-q2-update.win32_2.0.0.202105311346/tools/bin/../lib/gcc/arm-none-eabi/9.3.1/../../../../arm-none-eabi/lib/thumb/v7e-m+dp/hard\libc_nano.a(lib_a-impure.o)
 .ARM.attributes
                0x00000000000004ed       0x32 c:/st/stm32cubeide_1.8.0/stm32cubeide/plugins/com.st.stm32cube.ide.mcu.externaltools.gnu-tools-for-stm32.9-2020-q2-update.win32_2.0.0.202105311346/tools/bin/../lib/gcc/arm-none-eabi/9.3.1/../../../../arm-none-eabi/lib/thumb/v7e-m+dp/hard\libc_nano.a(lib_a-init.o)
 .ARM.attributes
                0x000000000000051f       0x32 c:/st/stm32cubeide_1.8.0/stm32cubeide/plugins/com.st.stm32cube.ide.mcu.externaltools.gnu-tools-for-stm32.9-2020-q2-update.win32_2.0.0.202105311346/tools/bin/../lib/gcc/arm-none-eabi/9.3.1/../../../../arm-none-eabi/lib/thumb/v7e-m+dp/hard\libc_nano.a(lib_a-memcpy-stub.o)
 .ARM.attributes
                0x0000000000000551       0x32 c:/st/stm32cubeide_1.8.0/stm32cubeide/plugins/com.st.stm32cube.ide.mcu.externaltools.gnu-tools-for-stm32.9-2020-q2-update.win32_2.0.0.202105311346/tools/bin/../lib/gcc/arm-none-eabi/9.3.1/../../../../arm-none-eabi/lib/thumb/v7e-m+dp/hard\libc_nano.a(lib_a-memset.o)
 .ARM.attributes
                0x0000000000000583       0x32 c:/st/stm32cubeide_1.8.0/stm32cubeide/plugins/com.st.stm32cube.ide.mcu.externaltools.gnu-tools-for-stm32.9-2020-q2-update.win32_2.0.0.202105311346/tools/bin/../lib/gcc/arm-none-eabi/9.3.1/../../../../arm-none-eabi/lib/thumb/v7e-m+dp/hard\libc_nano.a(lib_a-sprintf.o)
 .ARM.attributes
                0x00000000000005b5       0x32 c:/st/stm32cubeide_1.8.0/stm32cubeide/plugins/com.st.stm32cube.ide.mcu.externaltools.gnu-tools-for-stm32.9-2020-q2-update.win32_2.0.0.202105311346/tools/bin/../lib/gcc/arm-none-eabi/9.3.1/../../../../arm-none-eabi/lib/thumb/v7e-m+dp/hard\libc_nano.a(lib_a-findfp.o)
 .ARM.attributes
                0x00000000000005e7       0x32 c:/st/stm32cubeide_1.8.0/stm32cubeide/plugins/com.st.stm32cube.ide.mcu.externaltools.gnu-tools-for-stm32.9-2020-q2-update.win32_2.0.0.202105311346/tools/bin/../lib/gcc/arm-none-eabi/9.3.1/../../../../arm-none-eabi/lib/thumb/v7e-m+dp/hard\libc_nano.a(lib_a-lock.o)
 .ARM.attributes
                0x0000000000000619       0x32 c:/st/stm32cubeide_1.8.0/stm32cubeide/plugins/com.st.stm32cube.ide.mcu.externaltools.gnu-tools-for-stm32.9-2020-q2-update.win32_2.0.0.202105311346/tools/bin/../lib/gcc/arm-none-eabi/9.3.1/../../../../arm-none-eabi/lib/thumb/v7e-m+dp/hard\libc_nano.a(lib_a-nano-mallocr.o)
 .ARM.attributes
                0x000000000000064b       0x32 c:/st/stm32cubeide_1.8.0/stm32cubeide/plugins/com.st.stm32cube.ide.mcu.externaltools.gnu-tools-for-stm32.9-2020-q2-update.win32_2.0.0.202105311346/tools/bin/../lib/gcc/arm-none-eabi/9.3.1/../../../../arm-none-eabi/lib/thumb/v7e-m+dp/hard\libc_nano.a(lib_a-nano-svfprintf.o)
 .ARM.attributes
                0x000000000000067d       0x32 c:/st/stm32cubeide_1.8.0/stm32cubeide/plugins/com.st.stm32cube.ide.mcu.externaltools.gnu-tools-for-stm32.9-2020-q2-update.win32_2.0.0.202105311346/tools/bin/../lib/gcc/arm-none-eabi/9.3.1/../../../../arm-none-eabi/lib/thumb/v7e-m+dp/hard\libc_nano.a(lib_a-nano-vfprintf_i.o)
 .ARM.attributes
                0x00000000000006af       0x32 c:/st/stm32cubeide_1.8.0/stm32cubeide/plugins/com.st.stm32cube.ide.mcu.externaltools.gnu-tools-for-stm32.9-2020-q2-update.win32_2.0.0.202105311346/tools/bin/../lib/gcc/arm-none-eabi/9.3.1/../../../../arm-none-eabi/lib/thumb/v7e-m+dp/hard\libc_nano.a(lib_a-sbrkr.o)
 .ARM.attributes
                0x00000000000006e1       0x1c c:/st/stm32cubeide_1.8.0/stm32cubeide/plugins/com.st.stm32cube.ide.mcu.externaltools.gnu-tools-for-stm32.9-2020-q2-update.win32_2.0.0.202105311346/tools/bin/../lib/gcc/arm-none-eabi/9.3.1/../../../../arm-none-eabi/lib/thumb/v7e-m+dp/hard\libc_nano.a(lib_a-memchr.o)
 .ARM.attributes
                0x00000000000006fd       0x32 c:/st/stm32cubeide_1.8.0/stm32cubeide/plugins/com.st.stm32cube.ide.mcu.externaltools.gnu-tools-for-stm32.9-2020-q2-update.win32_2.0.0.202105311346/tools/bin/../lib/gcc/arm-none-eabi/9.3.1/../../../../arm-none-eabi/lib/thumb/v7e-m+dp/hard\libc_nano.a(lib_a-memmove.o)
 .ARM.attributes
                0x000000000000072f       0x32 c:/st/stm32cubeide_1.8.0/stm32cubeide/plugins/com.st.stm32cube.ide.mcu.externaltools.gnu-tools-for-stm32.9-2020-q2-update.win32_2.0.0.202105311346/tools/bin/../lib/gcc/arm-none-eabi/9.3.1/../../../../arm-none-eabi/lib/thumb/v7e-m+dp/hard\libc_nano.a(lib_a-mlock.o)
 .ARM.attributes
                0x0000000000000761       0x32 c:/st/stm32cubeide_1.8.0/stm32cubeide/plugins/com.st.stm32cube.ide.mcu.externaltools.gnu-tools-for-stm32.9-2020-q2-update.win32_2.0.0.202105311346/tools/bin/../lib/gcc/arm-none-eabi/9.3.1/../../../../arm-none-eabi/lib/thumb/v7e-m+dp/hard\libc_nano.a(lib_a-nano-freer.o)
 .ARM.attributes
                0x0000000000000793       0x32 c:/st/stm32cubeide_1.8.0/stm32cubeide/plugins/com.st.stm32cube.ide.mcu.externaltools.gnu-tools-for-stm32.9-2020-q2-update.win32_2.0.0.202105311346/tools/bin/../lib/gcc/arm-none-eabi/9.3.1/../../../../arm-none-eabi/lib/thumb/v7e-m+dp/hard\libc_nano.a(lib_a-nano-reallocr.o)
 .ARM.attributes
                0x00000000000007c5       0x32 c:/st/stm32cubeide_1.8.0/stm32cubeide/plugins/com.st.stm32cube.ide.mcu.externaltools.gnu-tools-for-stm32.9-2020-q2-update.win32_2.0.0.202105311346/tools/bin/../lib/gcc/arm-none-eabi/9.3.1/../../../../arm-none-eabi/lib/thumb/v7e-m+dp/hard\libc_nano.a(lib_a-reent.o)
 .ARM.attributes
                0x00000000000007f7       0x32 c:/st/stm32cubeide_1.8.0/stm32cubeide/plugins/com.st.stm32cube.ide.mcu.externaltools.gnu-tools-for-stm32.9-2020-q2-update.win32_2.0.0.202105311346/tools/bin/../lib/gcc/arm-none-eabi/9.3.1/../../../../arm-none-eabi/lib/thumb/v7e-m+dp/hard\libc_nano.a(lib_a-nano-msizer.o)
 .ARM.attributes
                0x0000000000000829       0x1e c:/st/stm32cubeide_1.8.0/stm32cubeide/plugins/com.st.stm32cube.ide.mcu.externaltools.gnu-tools-for-stm32.9-2020-q2-update.win32_2.0.0.202105311346/tools/bin/../lib/gcc/arm-none-eabi/9.3.1/thumb/v7e-m+dp/hard\libgcc.a(_aeabi_uldivmod.o)
 .ARM.attributes
                0x0000000000000847       0x32 c:/st/stm32cubeide_1.8.0/stm32cubeide/plugins/com.st.stm32cube.ide.mcu.externaltools.gnu-tools-for-stm32.9-2020-q2-update.win32_2.0.0.202105311346/tools/bin/../lib/gcc/arm-none-eabi/9.3.1/thumb/v7e-m+dp/hard\libgcc.a(_udivmoddi4.o)
 .ARM.attributes
                0x0000000000000879       0x1e c:/st/stm32cubeide_1.8.0/stm32cubeide/plugins/com.st.stm32cube.ide.mcu.externaltools.gnu-tools-for-stm32.9-2020-q2-update.win32_2.0.0.202105311346/tools/bin/../lib/gcc/arm-none-eabi/9.3.1/thumb/v7e-m+dp/hard\libgcc.a(_dvmd_tls.o)
 .ARM.attributes
                0x0000000000000897       0x1e c:/st/stm32cubeide_1.8.0/stm32cubeide/plugins/com.st.stm32cube.ide.mcu.externaltools.gnu-tools-for-stm32.9-2020-q2-update.win32_2.0.0.202105311346/tools/bin/../lib/gcc/arm-none-eabi/9.3.1/thumb/v7e-m+dp/hard/crtn.o
OUTPUT(tf-luna_CAN.elf elf32-littlearm)
LOAD linker stubs
LOAD c:/st/stm32cubeide_1.8.0/stm32cubeide/plugins/com.st.stm32cube.ide.mcu.externaltools.gnu-tools-for-stm32.9-2020-q2-update.win32_2.0.0.202105311346/tools/bin/../lib/gcc/arm-none-eabi/9.3.1/../../../../arm-none-eabi/lib/thumb/v7e-m+dp/hard\libc.a
LOAD c:/st/stm32cubeide_1.8.0/stm32cubeide/plugins/com.st.stm32cube.ide.mcu.externaltools.gnu-tools-for-stm32.9-2020-q2-update.win32_2.0.0.202105311346/tools/bin/../lib/gcc/arm-none-eabi/9.3.1/../../../../arm-none-eabi/lib/thumb/v7e-m+dp/hard\libm.a
LOAD c:/st/stm32cubeide_1.8.0/stm32cubeide/plugins/com.st.stm32cube.ide.mcu.externaltools.gnu-tools-for-stm32.9-2020-q2-update.win32_2.0.0.202105311346/tools/bin/../lib/gcc/arm-none-eabi/9.3.1/thumb/v7e-m+dp/hard\libgcc.a

.debug_info     0x0000000000000000    0x26b5f
 .debug_info    0x0000000000000000     0x20e8 ./Core/Src/fdcan.o
 .debug_info    0x00000000000020e8      0xfdc ./Core/Src/gpio.o
 .debug_info    0x00000000000030c4     0x1a0c ./Core/Src/i2c.o
 .debug_info    0x0000000000004ad0     0x242d ./Core/Src/main.o
 .debug_info    0x0000000000006efd      0xfa2 ./Core/Src/stm32h7xx_hal_msp.o
 .debug_info    0x0000000000007e9f      0xc21 ./Core/Src/stm32h7xx_it.o
 .debug_info    0x0000000000008ac0      0xa25 ./Core/Src/sysmem.o
 .debug_info    0x00000000000094e5     0x170a ./Core/Src/system_stm32h7xx.o
 .debug_info    0x000000000000abef     0x16c3 ./Core/Src/tfluna_i2c.o
 .debug_info    0x000000000000c2b2     0x1a91 ./Core/Src/usart.o
 .debug_info    0x000000000000dd43       0x22 ./Core/Startup/startup_stm32h7a3zitxq.o
 .debug_info    0x000000000000dd65     0x1e3c ./Drivers/STM32H7xx_HAL_Driver/Src/stm32h7xx_hal.o
 .debug_info    0x000000000000fba1     0x1bf5 ./Drivers/STM32H7xx_HAL_Driver/Src/stm32h7xx_hal_cortex.o
 .debug_info    0x0000000000011796     0x37a7 ./Drivers/STM32H7xx_HAL_Driver/Src/stm32h7xx_hal_fdcan.o
 .debug_info    0x0000000000014f3d     0x16a5 ./Drivers/STM32H7xx_HAL_Driver/Src/stm32h7xx_hal_gpio.o
 .debug_info    0x00000000000165e2     0x2db8 ./Drivers/STM32H7xx_HAL_Driver/Src/stm32h7xx_hal_i2c.o
 .debug_info    0x000000000001939a     0x1775 ./Drivers/STM32H7xx_HAL_Driver/Src/stm32h7xx_hal_i2c_ex.o
 .debug_info    0x000000000001ab0f     0x1a62 ./Drivers/STM32H7xx_HAL_Driver/Src/stm32h7xx_hal_pwr_ex.o
 .debug_info    0x000000000001c571     0x19a3 ./Drivers/STM32H7xx_HAL_Driver/Src/stm32h7xx_hal_rcc.o
 .debug_info    0x000000000001df14     0x1cf0 ./Drivers/STM32H7xx_HAL_Driver/Src/stm32h7xx_hal_rcc_ex.o
 .debug_info    0x000000000001fc04     0x55b2 ./Drivers/STM32H7xx_HAL_Driver/Src/stm32h7xx_hal_uart.o
 .debug_info    0x00000000000251b6     0x19a9 ./Drivers/STM32H7xx_HAL_Driver/Src/stm32h7xx_hal_uart_ex.o

.debug_abbrev   0x0000000000000000     0x3aaf
 .debug_abbrev  0x0000000000000000      0x289 ./Core/Src/fdcan.o
 .debug_abbrev  0x0000000000000289      0x22b ./Core/Src/gpio.o
 .debug_abbrev  0x00000000000004b4      0x276 ./Core/Src/i2c.o
 .debug_abbrev  0x000000000000072a      0x2e7 ./Core/Src/main.o
 .debug_abbrev  0x0000000000000a11      0x220 ./Core/Src/stm32h7xx_hal_msp.o
 .debug_abbrev  0x0000000000000c31      0x1ef ./Core/Src/stm32h7xx_it.o
 .debug_abbrev  0x0000000000000e20      0x1bf ./Core/Src/sysmem.o
 .debug_abbrev  0x0000000000000fdf      0x262 ./Core/Src/system_stm32h7xx.o
 .debug_abbrev  0x0000000000001241      0x2d6 ./Core/Src/tfluna_i2c.o
 .debug_abbrev  0x0000000000001517      0x276 ./Core/Src/usart.o
 .debug_abbrev  0x000000000000178d       0x12 ./Core/Startup/startup_stm32h7a3zitxq.o
 .debug_abbrev  0x000000000000179f      0x31b ./Drivers/STM32H7xx_HAL_Driver/Src/stm32h7xx_hal.o
 .debug_abbrev  0x0000000000001aba      0x409 ./Drivers/STM32H7xx_HAL_Driver/Src/stm32h7xx_hal_cortex.o
 .debug_abbrev  0x0000000000001ec3      0x343 ./Drivers/STM32H7xx_HAL_Driver/Src/stm32h7xx_hal_fdcan.o
 .debug_abbrev  0x0000000000002206      0x2cb ./Drivers/STM32H7xx_HAL_Driver/Src/stm32h7xx_hal_gpio.o
 .debug_abbrev  0x00000000000024d1      0x2e6 ./Drivers/STM32H7xx_HAL_Driver/Src/stm32h7xx_hal_i2c.o
 .debug_abbrev  0x00000000000027b7      0x29e ./Drivers/STM32H7xx_HAL_Driver/Src/stm32h7xx_hal_i2c_ex.o
 .debug_abbrev  0x0000000000002a55      0x33f ./Drivers/STM32H7xx_HAL_Driver/Src/stm32h7xx_hal_pwr_ex.o
 .debug_abbrev  0x0000000000002d94      0x322 ./Drivers/STM32H7xx_HAL_Driver/Src/stm32h7xx_hal_rcc.o
 .debug_abbrev  0x00000000000030b6      0x32e ./Drivers/STM32H7xx_HAL_Driver/Src/stm32h7xx_hal_rcc_ex.o
 .debug_abbrev  0x00000000000033e4      0x38e ./Drivers/STM32H7xx_HAL_Driver/Src/stm32h7xx_hal_uart.o
 .debug_abbrev  0x0000000000003772      0x33d ./Drivers/STM32H7xx_HAL_Driver/Src/stm32h7xx_hal_uart_ex.o

.debug_aranges  0x0000000000000000     0x11b0
 .debug_aranges
                0x0000000000000000       0x30 ./Core/Src/fdcan.o
 .debug_aranges
                0x0000000000000030       0x20 ./Core/Src/gpio.o
 .debug_aranges
                0x0000000000000050       0x30 ./Core/Src/i2c.o
 .debug_aranges
                0x0000000000000080       0x48 ./Core/Src/main.o
 .debug_aranges
                0x00000000000000c8       0x20 ./Core/Src/stm32h7xx_hal_msp.o
 .debug_aranges
                0x00000000000000e8       0x60 ./Core/Src/stm32h7xx_it.o
 .debug_aranges
                0x0000000000000148       0x20 ./Core/Src/sysmem.o
 .debug_aranges
                0x0000000000000168       0x28 ./Core/Src/system_stm32h7xx.o
 .debug_aranges
                0x0000000000000190       0xb8 ./Core/Src/tfluna_i2c.o
 .debug_aranges
                0x0000000000000248       0x30 ./Core/Src/usart.o
 .debug_aranges
                0x0000000000000278       0x28 ./Core/Startup/startup_stm32h7a3zitxq.o
 .debug_aranges
                0x00000000000002a0      0x1a0 ./Drivers/STM32H7xx_HAL_Driver/Src/stm32h7xx_hal.o
 .debug_aranges
                0x0000000000000440      0x120 ./Drivers/STM32H7xx_HAL_Driver/Src/stm32h7xx_hal_cortex.o
 .debug_aranges
                0x0000000000000560      0x338 ./Drivers/STM32H7xx_HAL_Driver/Src/stm32h7xx_hal_fdcan.o
 .debug_aranges
                0x0000000000000898       0x58 ./Drivers/STM32H7xx_HAL_Driver/Src/stm32h7xx_hal_gpio.o
 .debug_aranges
                0x00000000000008f0      0x290 ./Drivers/STM32H7xx_HAL_Driver/Src/stm32h7xx_hal_i2c.o
 .debug_aranges
                0x0000000000000b80       0x48 ./Drivers/STM32H7xx_HAL_Driver/Src/stm32h7xx_hal_i2c_ex.o
 .debug_aranges
                0x0000000000000bc8      0x188 ./Drivers/STM32H7xx_HAL_Driver/Src/stm32h7xx_hal_pwr_ex.o
 .debug_aranges
                0x0000000000000d50       0x88 ./Drivers/STM32H7xx_HAL_Driver/Src/stm32h7xx_hal_rcc.o
 .debug_aranges
                0x0000000000000dd8       0xf0 ./Drivers/STM32H7xx_HAL_Driver/Src/stm32h7xx_hal_rcc_ex.o
 .debug_aranges
                0x0000000000000ec8      0x248 ./Drivers/STM32H7xx_HAL_Driver/Src/stm32h7xx_hal_uart.o
 .debug_aranges
                0x0000000000001110       0xa0 ./Drivers/STM32H7xx_HAL_Driver/Src/stm32h7xx_hal_uart_ex.o

.debug_ranges   0x0000000000000000     0x1088
 .debug_ranges  0x0000000000000000       0x20 ./Core/Src/fdcan.o
 .debug_ranges  0x0000000000000020       0x10 ./Core/Src/gpio.o
 .debug_ranges  0x0000000000000030       0x20 ./Core/Src/i2c.o
 .debug_ranges  0x0000000000000050       0x38 ./Core/Src/main.o
 .debug_ranges  0x0000000000000088       0x10 ./Core/Src/stm32h7xx_hal_msp.o
 .debug_ranges  0x0000000000000098       0x50 ./Core/Src/stm32h7xx_it.o
 .debug_ranges  0x00000000000000e8       0x10 ./Core/Src/sysmem.o
 .debug_ranges  0x00000000000000f8       0x18 ./Core/Src/system_stm32h7xx.o
 .debug_ranges  0x0000000000000110       0xa8 ./Core/Src/tfluna_i2c.o
 .debug_ranges  0x00000000000001b8       0x20 ./Core/Src/usart.o
 .debug_ranges  0x00000000000001d8       0x20 ./Core/Startup/startup_stm32h7a3zitxq.o
 .debug_ranges  0x00000000000001f8      0x190 ./Drivers/STM32H7xx_HAL_Driver/Src/stm32h7xx_hal.o
 .debug_ranges  0x0000000000000388      0x110 ./Drivers/STM32H7xx_HAL_Driver/Src/stm32h7xx_hal_cortex.o
 .debug_ranges  0x0000000000000498      0x328 ./Drivers/STM32H7xx_HAL_Driver/Src/stm32h7xx_hal_fdcan.o
 .debug_ranges  0x00000000000007c0       0x48 ./Drivers/STM32H7xx_HAL_Driver/Src/stm32h7xx_hal_gpio.o
 .debug_ranges  0x0000000000000808      0x280 ./Drivers/STM32H7xx_HAL_Driver/Src/stm32h7xx_hal_i2c.o
 .debug_ranges  0x0000000000000a88       0x38 ./Drivers/STM32H7xx_HAL_Driver/Src/stm32h7xx_hal_i2c_ex.o
 .debug_ranges  0x0000000000000ac0      0x178 ./Drivers/STM32H7xx_HAL_Driver/Src/stm32h7xx_hal_pwr_ex.o
 .debug_ranges  0x0000000000000c38       0x78 ./Drivers/STM32H7xx_HAL_Driver/Src/stm32h7xx_hal_rcc.o
 .debug_ranges  0x0000000000000cb0       0xe0 ./Drivers/STM32H7xx_HAL_Driver/Src/stm32h7xx_hal_rcc_ex.o
 .debug_ranges  0x0000000000000d90      0x268 ./Drivers/STM32H7xx_HAL_Driver/Src/stm32h7xx_hal_uart.o
 .debug_ranges  0x0000000000000ff8       0x90 ./Drivers/STM32H7xx_HAL_Driver/Src/stm32h7xx_hal_uart_ex.o

.debug_macro    0x0000000000000000    0x318f3
 .debug_macro   0x0000000000000000      0x2b2 ./Core/Src/fdcan.o
 .debug_macro   0x00000000000002b2      0xac0 ./Core/Src/fdcan.o
 .debug_macro   0x0000000000000d72      0x238 ./Core/Src/fdcan.o
 .debug_macro   0x0000000000000faa       0x2e ./Core/Src/fdcan.o
 .debug_macro   0x0000000000000fd8       0x42 ./Core/Src/fdcan.o
 .debug_macro   0x000000000000101a       0x22 ./Core/Src/fdcan.o
 .debug_macro   0x000000000000103c       0x8e ./Core/Src/fdcan.o
 .debug_macro   0x00000000000010ca       0x51 ./Core/Src/fdcan.o
 .debug_macro   0x000000000000111b      0x103 ./Core/Src/fdcan.o
 .debug_macro   0x000000000000121e       0x6a ./Core/Src/fdcan.o
 .debug_macro   0x0000000000001288      0x1df ./Core/Src/fdcan.o
 .debug_macro   0x0000000000001467       0x1c ./Core/Src/fdcan.o
 .debug_macro   0x0000000000001483       0x22 ./Core/Src/fdcan.o
 .debug_macro   0x00000000000014a5      0x101 ./Core/Src/fdcan.o
 .debug_macro   0x00000000000015a6     0x1305 ./Core/Src/fdcan.o
 .debug_macro   0x00000000000028ab      0x11f ./Core/Src/fdcan.o
 .debug_macro   0x00000000000029ca       0x27 ./Core/Src/fdcan.o
 .debug_macro   0x00000000000029f1    0x1e8b9 ./Core/Src/fdcan.o
 .debug_macro   0x00000000000212aa       0x6d ./Core/Src/fdcan.o
 .debug_macro   0x0000000000021317     0x3d25 ./Core/Src/fdcan.o
 .debug_macro   0x000000000002503c      0x174 ./Core/Src/fdcan.o
 .debug_macro   0x00000000000251b0       0x52 ./Core/Src/fdcan.o
 .debug_macro   0x0000000000025202       0x17 ./Core/Src/fdcan.o
 .debug_macro   0x0000000000025219       0x3c ./Core/Src/fdcan.o
 .debug_macro   0x0000000000025255       0x34 ./Core/Src/fdcan.o
 .debug_macro   0x0000000000025289       0x16 ./Core/Src/fdcan.o
 .debug_macro   0x000000000002529f       0x43 ./Core/Src/fdcan.o
 .debug_macro   0x00000000000252e2       0x34 ./Core/Src/fdcan.o
 .debug_macro   0x0000000000025316       0x10 ./Core/Src/fdcan.o
 .debug_macro   0x0000000000025326       0x58 ./Core/Src/fdcan.o
 .debug_macro   0x000000000002537e       0x71 ./Core/Src/fdcan.o
 .debug_macro   0x00000000000253ef       0x1c ./Core/Src/fdcan.o
 .debug_macro   0x000000000002540b      0x12a ./Core/Src/fdcan.o
 .debug_macro   0x0000000000025535      0x333 ./Core/Src/fdcan.o
 .debug_macro   0x0000000000025868      0x1a9 ./Core/Src/fdcan.o
 .debug_macro   0x0000000000025a11       0x5d ./Core/Src/fdcan.o
 .debug_macro   0x0000000000025a6e     0x24ee ./Core/Src/fdcan.o
 .debug_macro   0x0000000000027f5c     0x1010 ./Core/Src/fdcan.o
 .debug_macro   0x0000000000028f6c      0x14d ./Core/Src/fdcan.o
 .debug_macro   0x00000000000290b9      0x114 ./Core/Src/fdcan.o
 .debug_macro   0x00000000000291cd      0x3bf ./Core/Src/fdcan.o
 .debug_macro   0x000000000002958c       0xac ./Core/Src/fdcan.o
 .debug_macro   0x0000000000029638      0x70a ./Core/Src/fdcan.o
 .debug_macro   0x0000000000029d42      0x20c ./Core/Src/fdcan.o
 .debug_macro   0x0000000000029f4e       0x66 ./Core/Src/fdcan.o
 .debug_macro   0x0000000000029fb4      0x3c9 ./Core/Src/fdcan.o
 .debug_macro   0x000000000002a37d      0x3eb ./Core/Src/fdcan.o
 .debug_macro   0x000000000002a768      0x275 ./Core/Src/fdcan.o
 .debug_macro   0x000000000002a9dd      0xe34 ./Core/Src/fdcan.o
 .debug_macro   0x000000000002b811      0x6c8 ./Core/Src/fdcan.o
 .debug_macro   0x000000000002bed9      0x520 ./Core/Src/fdcan.o
 .debug_macro   0x000000000002c3f9       0x58 ./Core/Src/fdcan.o
 .debug_macro   0x000000000002c451       0x4a ./Core/Src/fdcan.o
 .debug_macro   0x000000000002c49b      0x22c ./Core/Src/fdcan.o
 .debug_macro   0x000000000002c6c7       0x67 ./Core/Src/fdcan.o
 .debug_macro   0x000000000002c72e       0xa5 ./Core/Src/fdcan.o
 .debug_macro   0x000000000002c7d3      0x1bd ./Core/Src/fdcan.o
 .debug_macro   0x000000000002c990      0x2dc ./Core/Src/fdcan.o
 .debug_macro   0x000000000002cc6c       0x35 ./Core/Src/fdcan.o
 .debug_macro   0x000000000002cca1      0x67e ./Core/Src/fdcan.o
 .debug_macro   0x000000000002d31f       0xa6 ./Core/Src/fdcan.o
 .debug_macro   0x000000000002d3c5      0x5be ./Core/Src/fdcan.o
 .debug_macro   0x000000000002d983      0x2b2 ./Core/Src/gpio.o
 .debug_macro   0x000000000002dc35      0x2b2 ./Core/Src/i2c.o
 .debug_macro   0x000000000002dee7      0x3e3 ./Core/Src/main.o
 .debug_macro   0x000000000002e2ca       0x22 ./Core/Src/main.o
 .debug_macro   0x000000000002e2ec      0x154 ./Core/Src/main.o
 .debug_macro   0x000000000002e440       0x1c ./Core/Src/main.o
 .debug_macro   0x000000000002e45c       0x35 ./Core/Src/main.o
 .debug_macro   0x000000000002e491       0x10 ./Core/Src/main.o
 .debug_macro   0x000000000002e4a1       0x10 ./Core/Src/main.o
 .debug_macro   0x000000000002e4b1       0x1c ./Core/Src/main.o
 .debug_macro   0x000000000002e4cd       0x52 ./Core/Src/main.o
 .debug_macro   0x000000000002e51f       0x22 ./Core/Src/main.o
 .debug_macro   0x000000000002e541       0x10 ./Core/Src/main.o
 .debug_macro   0x000000000002e551       0x40 ./Core/Src/main.o
 .debug_macro   0x000000000002e591       0xd5 ./Core/Src/main.o
 .debug_macro   0x000000000002e666       0x1c ./Core/Src/main.o
 .debug_macro   0x000000000002e682       0x3d ./Core/Src/main.o
 .debug_macro   0x000000000002e6bf       0x16 ./Core/Src/main.o
 .debug_macro   0x000000000002e6d5      0x145 ./Core/Src/main.o
 .debug_macro   0x000000000002e81a       0x16 ./Core/Src/main.o
 .debug_macro   0x000000000002e830       0x20 ./Core/Src/main.o
 .debug_macro   0x000000000002e850      0x2a8 ./Core/Src/stm32h7xx_hal_msp.o
 .debug_macro   0x000000000002eaf8      0x2b2 ./Core/Src/stm32h7xx_it.o
 .debug_macro   0x000000000002edaa       0xff ./Core/Src/sysmem.o
 .debug_macro   0x000000000002eea9      0x23b ./Core/Src/sysmem.o
 .debug_macro   0x000000000002f0e4      0x29e ./Core/Src/system_stm32h7xx.o
 .debug_macro   0x000000000002f382      0x381 ./Core/Src/tfluna_i2c.o
 .debug_macro   0x000000000002f703      0x2b2 ./Core/Src/usart.o
 .debug_macro   0x000000000002f9b5      0x2c8 ./Drivers/STM32H7xx_HAL_Driver/Src/stm32h7xx_hal.o
 .debug_macro   0x000000000002fc7d      0x29e ./Drivers/STM32H7xx_HAL_Driver/Src/stm32h7xx_hal_cortex.o
 .debug_macro   0x000000000002ff1b      0x363 ./Drivers/STM32H7xx_HAL_Driver/Src/stm32h7xx_hal_fdcan.o
 .debug_macro   0x000000000003027e      0x2a5 ./Drivers/STM32H7xx_HAL_Driver/Src/stm32h7xx_hal_gpio.o
 .debug_macro   0x0000000000030523      0x36a ./Drivers/STM32H7xx_HAL_Driver/Src/stm32h7xx_hal_i2c.o
 .debug_macro   0x000000000003088d      0x29e ./Drivers/STM32H7xx_HAL_Driver/Src/stm32h7xx_hal_i2c_ex.o
 .debug_macro   0x0000000000030b2b      0x2d7 ./Drivers/STM32H7xx_HAL_Driver/Src/stm32h7xx_hal_pwr_ex.o
 .debug_macro   0x0000000000030e02      0x2c2 ./Drivers/STM32H7xx_HAL_Driver/Src/stm32h7xx_hal_rcc.o
 .debug_macro   0x00000000000310c4      0x2bc ./Drivers/STM32H7xx_HAL_Driver/Src/stm32h7xx_hal_rcc_ex.o
 .debug_macro   0x0000000000031380      0x2c9 ./Drivers/STM32H7xx_HAL_Driver/Src/stm32h7xx_hal_uart.o
 .debug_macro   0x0000000000031649      0x2aa ./Drivers/STM32H7xx_HAL_Driver/Src/stm32h7xx_hal_uart_ex.o

.debug_line     0x0000000000000000    0x17847
 .debug_line    0x0000000000000000      0x938 ./Core/Src/fdcan.o
 .debug_line    0x0000000000000938      0x840 ./Core/Src/gpio.o
 .debug_line    0x0000000000001178      0x8d1 ./Core/Src/i2c.o
 .debug_line    0x0000000000001a49      0xa91 ./Core/Src/main.o
 .debug_line    0x00000000000024da      0x841 ./Core/Src/stm32h7xx_hal_msp.o
 .debug_line    0x0000000000002d1b      0x905 ./Core/Src/stm32h7xx_it.o
 .debug_line    0x0000000000003620      0x4f8 ./Core/Src/sysmem.o
 .debug_line    0x0000000000003b18      0x9ea ./Core/Src/system_stm32h7xx.o
 .debug_line    0x0000000000004502      0xd6c ./Core/Src/tfluna_i2c.o
 .debug_line    0x000000000000526e      0x8e3 ./Core/Src/usart.o
 .debug_line    0x0000000000005b51       0x89 ./Core/Startup/startup_stm32h7a3zitxq.o
 .debug_line    0x0000000000005bda      0xdfd ./Drivers/STM32H7xx_HAL_Driver/Src/stm32h7xx_hal.o
 .debug_line    0x00000000000069d7      0xdf6 ./Drivers/STM32H7xx_HAL_Driver/Src/stm32h7xx_hal_cortex.o
 .debug_line    0x00000000000077cd     0x2739 ./Drivers/STM32H7xx_HAL_Driver/Src/stm32h7xx_hal_fdcan.o
 .debug_line    0x0000000000009f06      0xcb3 ./Drivers/STM32H7xx_HAL_Driver/Src/stm32h7xx_hal_gpio.o
 .debug_line    0x000000000000abb9     0x3806 ./Drivers/STM32H7xx_HAL_Driver/Src/stm32h7xx_hal_i2c.o
 .debug_line    0x000000000000e3bf      0xa60 ./Drivers/STM32H7xx_HAL_Driver/Src/stm32h7xx_hal_i2c_ex.o
 .debug_line    0x000000000000ee1f      0xf7e ./Drivers/STM32H7xx_HAL_Driver/Src/stm32h7xx_hal_pwr_ex.o
 .debug_line    0x000000000000fd9d     0x12fa ./Drivers/STM32H7xx_HAL_Driver/Src/stm32h7xx_hal_rcc.o
 .debug_line    0x0000000000011097     0x1a28 ./Drivers/STM32H7xx_HAL_Driver/Src/stm32h7xx_hal_rcc_ex.o
 .debug_line    0x0000000000012abf     0x3eba ./Drivers/STM32H7xx_HAL_Driver/Src/stm32h7xx_hal_uart.o
 .debug_line    0x0000000000016979      0xece ./Drivers/STM32H7xx_HAL_Driver/Src/stm32h7xx_hal_uart_ex.o

.debug_str      0x0000000000000000   0x13f279
 .debug_str     0x0000000000000000   0x1377d1 ./Core/Src/fdcan.o
                                     0x137ebc (size before relaxing)
 .debug_str     0x00000000001377d1       0x2c ./Core/Src/gpio.o
                                     0x136d15 (size before relaxing)
 .debug_str     0x00000000001377fd      0x565 ./Core/Src/i2c.o
                                     0x137689 (size before relaxing)
 .debug_str     0x0000000000137d62     0x18ca ./Core/Src/main.o
                                     0x138f85 (size before relaxing)
 .debug_str     0x000000000013962c       0x2c ./Core/Src/stm32h7xx_hal_msp.o
                                     0x136d15 (size before relaxing)
 .debug_str     0x0000000000139658       0xbd ./Core/Src/stm32h7xx_it.o
                                     0x136b5b (size before relaxing)
 .debug_str     0x0000000000139715      0x4e9 ./Core/Src/sysmem.o
                                       0x62ed (size before relaxing)
 .debug_str     0x0000000000139bfe      0x2df ./Core/Src/system_stm32h7xx.o
                                     0x136fda (size before relaxing)
 .debug_str     0x0000000000139edd      0x14a ./Core/Src/tfluna_i2c.o
                                     0x1384cf (size before relaxing)
 .debug_str     0x000000000013a027       0x57 ./Core/Src/usart.o
                                     0x13762e (size before relaxing)
 .debug_str     0x000000000013a07e       0x71 ./Core/Startup/startup_stm32h7a3zitxq.o
 .debug_str     0x000000000013a0ef      0x73e ./Drivers/STM32H7xx_HAL_Driver/Src/stm32h7xx_hal.o
                                     0x137dc6 (size before relaxing)
 .debug_str     0x000000000013a82d      0x398 ./Drivers/STM32H7xx_HAL_Driver/Src/stm32h7xx_hal_cortex.o
                                     0x1378db (size before relaxing)
 .debug_str     0x000000000013abc5     0x1a55 ./Drivers/STM32H7xx_HAL_Driver/Src/stm32h7xx_hal_fdcan.o
                                     0x138c7a (size before relaxing)
 .debug_str     0x000000000013c61a      0x146 ./Drivers/STM32H7xx_HAL_Driver/Src/stm32h7xx_hal_gpio.o
                                     0x136fb8 (size before relaxing)
 .debug_str     0x000000000013c760      0xde6 ./Drivers/STM32H7xx_HAL_Driver/Src/stm32h7xx_hal_i2c.o
                                     0x137f96 (size before relaxing)
 .debug_str     0x000000000013d546       0xb8 ./Drivers/STM32H7xx_HAL_Driver/Src/stm32h7xx_hal_i2c_ex.o
                                     0x1373c8 (size before relaxing)
 .debug_str     0x000000000013d5fe      0x745 ./Drivers/STM32H7xx_HAL_Driver/Src/stm32h7xx_hal_pwr_ex.o
                                     0x13751f (size before relaxing)
 .debug_str     0x000000000013dd43      0x26c ./Drivers/STM32H7xx_HAL_Driver/Src/stm32h7xx_hal_rcc.o
                                     0x13736d (size before relaxing)
 .debug_str     0x000000000013dfaf      0x62b ./Drivers/STM32H7xx_HAL_Driver/Src/stm32h7xx_hal_rcc_ex.o
                                     0x1377da (size before relaxing)
 .debug_str     0x000000000013e5da      0x9b8 ./Drivers/STM32H7xx_HAL_Driver/Src/stm32h7xx_hal_uart.o
                                     0x137d6b (size before relaxing)
 .debug_str     0x000000000013ef92      0x2e7 ./Drivers/STM32H7xx_HAL_Driver/Src/stm32h7xx_hal_uart_ex.o
                                     0x137372 (size before relaxing)

.comment        0x0000000000000000       0x53
 .comment       0x0000000000000000       0x53 ./Core/Src/fdcan.o
                                         0x54 (size before relaxing)
 .comment       0x0000000000000053       0x54 ./Core/Src/gpio.o
 .comment       0x0000000000000053       0x54 ./Core/Src/i2c.o
 .comment       0x0000000000000053       0x54 ./Core/Src/main.o
 .comment       0x0000000000000053       0x54 ./Core/Src/stm32h7xx_hal_msp.o
 .comment       0x0000000000000053       0x54 ./Core/Src/stm32h7xx_it.o
 .comment       0x0000000000000053       0x54 ./Core/Src/sysmem.o
 .comment       0x0000000000000053       0x54 ./Core/Src/system_stm32h7xx.o
 .comment       0x0000000000000053       0x54 ./Core/Src/tfluna_i2c.o
 .comment       0x0000000000000053       0x54 ./Core/Src/usart.o
 .comment       0x0000000000000053       0x54 ./Drivers/STM32H7xx_HAL_Driver/Src/stm32h7xx_hal.o
 .comment       0x0000000000000053       0x54 ./Drivers/STM32H7xx_HAL_Driver/Src/stm32h7xx_hal_cortex.o
 .comment       0x0000000000000053       0x54 ./Drivers/STM32H7xx_HAL_Driver/Src/stm32h7xx_hal_fdcan.o
 .comment       0x0000000000000053       0x54 ./Drivers/STM32H7xx_HAL_Driver/Src/stm32h7xx_hal_gpio.o
 .comment       0x0000000000000053       0x54 ./Drivers/STM32H7xx_HAL_Driver/Src/stm32h7xx_hal_i2c.o
 .comment       0x0000000000000053       0x54 ./Drivers/STM32H7xx_HAL_Driver/Src/stm32h7xx_hal_i2c_ex.o
 .comment       0x0000000000000053       0x54 ./Drivers/STM32H7xx_HAL_Driver/Src/stm32h7xx_hal_pwr_ex.o
 .comment       0x0000000000000053       0x54 ./Drivers/STM32H7xx_HAL_Driver/Src/stm32h7xx_hal_rcc.o
 .comment       0x0000000000000053       0x54 ./Drivers/STM32H7xx_HAL_Driver/Src/stm32h7xx_hal_rcc_ex.o
 .comment       0x0000000000000053       0x54 ./Drivers/STM32H7xx_HAL_Driver/Src/stm32h7xx_hal_uart.o
 .comment       0x0000000000000053       0x54 ./Drivers/STM32H7xx_HAL_Driver/Src/stm32h7xx_hal_uart_ex.o

.debug_frame    0x0000000000000000     0x4f94
 .debug_frame   0x0000000000000000       0x78 ./Core/Src/fdcan.o
 .debug_frame   0x0000000000000078       0x38 ./Core/Src/gpio.o
 .debug_frame   0x00000000000000b0       0x78 ./Core/Src/i2c.o
 .debug_frame   0x0000000000000128       0xd8 ./Core/Src/main.o
 .debug_frame   0x0000000000000200       0x38 ./Core/Src/stm32h7xx_hal_msp.o
 .debug_frame   0x0000000000000238      0x104 ./Core/Src/stm32h7xx_it.o
 .debug_frame   0x000000000000033c       0x34 ./Core/Src/sysmem.o
 .debug_frame   0x0000000000000370       0x58 ./Core/Src/system_stm32h7xx.o
 .debug_frame   0x00000000000003c8      0x2dc ./Core/Src/tfluna_i2c.o
 .debug_frame   0x00000000000006a4       0x78 ./Core/Src/usart.o
 .debug_frame   0x000000000000071c      0x6a8 ./Drivers/STM32H7xx_HAL_Driver/Src/stm32h7xx_hal.o
 .debug_frame   0x0000000000000dc4      0x4b8 ./Drivers/STM32H7xx_HAL_Driver/Src/stm32h7xx_hal_cortex.o
 .debug_frame   0x000000000000127c      0xf9c ./Drivers/STM32H7xx_HAL_Driver/Src/stm32h7xx_hal_fdcan.o
 .debug_frame   0x0000000000002218      0x14c ./Drivers/STM32H7xx_HAL_Driver/Src/stm32h7xx_hal_gpio.o
 .debug_frame   0x0000000000002364      0xbf0 ./Drivers/STM32H7xx_HAL_Driver/Src/stm32h7xx_hal_i2c.o
 .debug_frame   0x0000000000002f54      0x100 ./Drivers/STM32H7xx_HAL_Driver/Src/stm32h7xx_hal_i2c_ex.o
 .debug_frame   0x0000000000003054      0x660 ./Drivers/STM32H7xx_HAL_Driver/Src/stm32h7xx_hal_pwr_ex.o
 .debug_frame   0x00000000000036b4      0x1fc ./Drivers/STM32H7xx_HAL_Driver/Src/stm32h7xx_hal_rcc.o
 .debug_frame   0x00000000000038b0      0x3cc ./Drivers/STM32H7xx_HAL_Driver/Src/stm32h7xx_hal_rcc_ex.o
 .debug_frame   0x0000000000003c7c      0xa8c ./Drivers/STM32H7xx_HAL_Driver/Src/stm32h7xx_hal_uart.o
 .debug_frame   0x0000000000004708      0x29c ./Drivers/STM32H7xx_HAL_Driver/Src/stm32h7xx_hal_uart_ex.o
 .debug_frame   0x00000000000049a4       0x20 c:/st/stm32cubeide_1.8.0/stm32cubeide/plugins/com.st.stm32cube.ide.mcu.externaltools.gnu-tools-for-stm32.9-2020-q2-update.win32_2.0.0.202105311346/tools/bin/../lib/gcc/arm-none-eabi/9.3.1/../../../../arm-none-eabi/lib/thumb/v7e-m+dp/hard\libc_nano.a(lib_a-errno.o)
 .debug_frame   0x00000000000049c4       0x2c c:/st/stm32cubeide_1.8.0/stm32cubeide/plugins/com.st.stm32cube.ide.mcu.externaltools.gnu-tools-for-stm32.9-2020-q2-update.win32_2.0.0.202105311346/tools/bin/../lib/gcc/arm-none-eabi/9.3.1/../../../../arm-none-eabi/lib/thumb/v7e-m+dp/hard\libc_nano.a(lib_a-init.o)
 .debug_frame   0x00000000000049f0       0x28 c:/st/stm32cubeide_1.8.0/stm32cubeide/plugins/com.st.stm32cube.ide.mcu.externaltools.gnu-tools-for-stm32.9-2020-q2-update.win32_2.0.0.202105311346/tools/bin/../lib/gcc/arm-none-eabi/9.3.1/../../../../arm-none-eabi/lib/thumb/v7e-m+dp/hard\libc_nano.a(lib_a-memcpy-stub.o)
 .debug_frame   0x0000000000004a18       0x20 c:/st/stm32cubeide_1.8.0/stm32cubeide/plugins/com.st.stm32cube.ide.mcu.externaltools.gnu-tools-for-stm32.9-2020-q2-update.win32_2.0.0.202105311346/tools/bin/../lib/gcc/arm-none-eabi/9.3.1/../../../../arm-none-eabi/lib/thumb/v7e-m+dp/hard\libc_nano.a(lib_a-memset.o)
 .debug_frame   0x0000000000004a38       0x6c c:/st/stm32cubeide_1.8.0/stm32cubeide/plugins/com.st.stm32cube.ide.mcu.externaltools.gnu-tools-for-stm32.9-2020-q2-update.win32_2.0.0.202105311346/tools/bin/../lib/gcc/arm-none-eabi/9.3.1/../../../../arm-none-eabi/lib/thumb/v7e-m+dp/hard\libc_nano.a(lib_a-sprintf.o)
 .debug_frame   0x0000000000004aa4      0x14c c:/st/stm32cubeide_1.8.0/stm32cubeide/plugins/com.st.stm32cube.ide.mcu.externaltools.gnu-tools-for-stm32.9-2020-q2-update.win32_2.0.0.202105311346/tools/bin/../lib/gcc/arm-none-eabi/9.3.1/../../../../arm-none-eabi/lib/thumb/v7e-m+dp/hard\libc_nano.a(lib_a-findfp.o)
 .debug_frame   0x0000000000004bf0       0xb0 c:/st/stm32cubeide_1.8.0/stm32cubeide/plugins/com.st.stm32cube.ide.mcu.externaltools.gnu-tools-for-stm32.9-2020-q2-update.win32_2.0.0.202105311346/tools/bin/../lib/gcc/arm-none-eabi/9.3.1/../../../../arm-none-eabi/lib/thumb/v7e-m+dp/hard\libc_nano.a(lib_a-lock.o)
 .debug_frame   0x0000000000004ca0       0x30 c:/st/stm32cubeide_1.8.0/stm32cubeide/plugins/com.st.stm32cube.ide.mcu.externaltools.gnu-tools-for-stm32.9-2020-q2-update.win32_2.0.0.202105311346/tools/bin/../lib/gcc/arm-none-eabi/9.3.1/../../../../arm-none-eabi/lib/thumb/v7e-m+dp/hard\libc_nano.a(lib_a-nano-mallocr.o)
 .debug_frame   0x0000000000004cd0       0x90 c:/st/stm32cubeide_1.8.0/stm32cubeide/plugins/com.st.stm32cube.ide.mcu.externaltools.gnu-tools-for-stm32.9-2020-q2-update.win32_2.0.0.202105311346/tools/bin/../lib/gcc/arm-none-eabi/9.3.1/../../../../arm-none-eabi/lib/thumb/v7e-m+dp/hard\libc_nano.a(lib_a-nano-svfprintf.o)
 .debug_frame   0x0000000000004d60       0x60 c:/st/stm32cubeide_1.8.0/stm32cubeide/plugins/com.st.stm32cube.ide.mcu.externaltools.gnu-tools-for-stm32.9-2020-q2-update.win32_2.0.0.202105311346/tools/bin/../lib/gcc/arm-none-eabi/9.3.1/../../../../arm-none-eabi/lib/thumb/v7e-m+dp/hard\libc_nano.a(lib_a-nano-vfprintf_i.o)